Archive member included to satisfy reference by file (symbol)

..\src\config\default\touch\lib\qtm_acq_samd21_0x0024.X.a(sam_acq_x_samd21.o)
                              build/default/production/_ext/162237794/touch.o (qtm_acquisition_process)
..\src\config\default\touch\lib\qtm_touch_key_cm0p_0x0002.X.a(sam_touch_key_x_cm0p.o)
                              build/default/production/_ext/162237794/touch.o (qtm_update_qtlib_timer)
..\src\config\default\touch\lib\qtm_freq_hop_auto_cm0p_0x0004.X.a(sam_freq_hop_auto_x_cm0p.o)
                              build/default/production/_ext/162237794/touch.o (qtm_freq_hop_autotune)
..\src\sensiml\lib\libsensiml.a(kb.o)
                              build/default/production/_ext/1360937237/main.o (kb_model_init)
..\src\sensiml\lib\libsensiml.a(kb_pipeline.o)
                              ..\src\sensiml\lib\libsensiml.a(kb.o) (data_streaming_0)
..\src\sensiml\lib\libsensiml.a(pme.o)
                              ..\src\sensiml\lib\libsensiml.a(kb.o) (pme_simple_init)
..\src\sensiml\lib\libsensiml.a(pme_trained_neurons.o)
                              ..\src\sensiml\lib\libsensiml.a(kb.o) (kb_classifier_rows)
..\src\sensiml\lib\libsensiml.a(rb.o)
                              ..\src\sensiml\lib\libsensiml.a(kb.o) (next_pow_2)
..\src\sensiml\lib\libsensiml.a(save_sensor_data.o)
                              ..\src\sensiml\lib\libsensiml.a(kb_pipeline.o) (saveSensorData)
..\src\sensiml\lib\libsensiml.a(sg_windowing.o)
                              ..\src\sensiml\lib\libsensiml.a(kb_pipeline.o) (sg_windowing)
..\src\sensiml\lib\libsensiml.a(sorted_copy.o)
                              ..\src\sensiml\lib\libsensiml.a(kb.o) (sorted_copy)
..\src\sensiml\lib\libsensiml.a(tr_min_max_scale.o)
                              ..\src\sensiml\lib\libsensiml.a(kb_pipeline.o) (min_max_scale)
..\src\sensiml\lib\libsensiml.a(utils_tr_sensor.o)
                              ..\src\sensiml\lib\libsensiml.a(kb_pipeline.o) (tr_sensor_sensors)
..\src\sensiml\lib\libsensiml.a(dsp_dtw_distance.o)
                              ..\src\sensiml\lib\libsensiml.a(pme.o) (compute_distance_matrix)
..\src\sensiml\lib\libsensiml.a(dsp_l1_distance.o)
                              ..\src\sensiml\lib\libsensiml.a(pme.o) (l1_distance)
..\src\sensiml\lib\libsensiml.a(dsp_lsup_distance.o)
                              ..\src\sensiml\lib\libsensiml.a(pme.o) (lsup_distance)
..\src\sensiml\lib\libsensiml.a(fg_amplitude_global_p2p_low_frequency.o)
                              ..\src\sensiml\lib\libsensiml.a(kb_pipeline.o) (fg_amplitude_global_p2p_low_frequency)
..\src\sensiml\lib\libsensiml.a(fg_amplitude_min_max_sum.o)
                              ..\src\sensiml\lib\libsensiml.a(kb_pipeline.o) (fg_amplitude_min_max_sum)
..\src\sensiml\lib\libsensiml.a(fg_area_absolute_area_high_frequency.o)
                              ..\src\sensiml\lib\libsensiml.a(kb_pipeline.o) (fg_area_absolute_area_high_frequency)
..\src\sensiml\lib\libsensiml.a(fg_frequency_dominant_frequency.o)
                              ..\src\sensiml\lib\libsensiml.a(kb_pipeline.o) (fg_frequency_dominant_frequency)
..\src\sensiml\lib\libsensiml.a(fg_frequency_mfcc.o)
                              ..\src\sensiml\lib\libsensiml.a(kb_pipeline.o) (fg_frequency_mfcc)
..\src\sensiml\lib\libsensiml.a(fg_frequency_power_spectrum.o)
                              ..\src\sensiml\lib\libsensiml.a(kb_pipeline.o) (fg_frequency_power_spectrum)
..\src\sensiml\lib\libsensiml.a(fg_peak_frequencies.o)
                              ..\src\sensiml\lib\libsensiml.a(kb_pipeline.o) (fg_frequency_peak_frequencies)
..\src\sensiml\lib\libsensiml.a(fg_stats_iqr.o)
                              ..\src\sensiml\lib\libsensiml.a(kb_pipeline.o) (fg_stats_iqr)
..\src\sensiml\lib\libsensiml.a(fg_stats_kurtosis.o)
                              ..\src\sensiml\lib\libsensiml.a(kb_pipeline.o) (fg_stats_kurtosis)
..\src\sensiml\lib\libsensiml.a(fg_stats_pct075.o)
                              ..\src\sensiml\lib\libsensiml.a(kb_pipeline.o) (fg_stats_pct075)
..\src\sensiml\lib\libsensiml.a(fg_stats_pct100.o)
                              ..\src\sensiml\lib\libsensiml.a(kb_pipeline.o) (fg_stats_pct100)
..\src\sensiml\lib\libsensiml.a(fg_stats_skewness.o)
                              ..\src\sensiml\lib\libsensiml.a(kb_pipeline.o) (fg_stats_skewness)
..\src\sensiml\lib\libsensiml.a(imfcc.o)
                              ..\src\sensiml\lib\libsensiml.a(fg_frequency_mfcc.o) (IMFCC_ProcessFrame)
..\src\sensiml\lib\libsensiml.a(ma_symmetric.o)
                              ..\src\sensiml\lib\libsensiml.a(fg_amplitude_global_p2p_low_frequency.o) (MA_Symmetric)
..\src\sensiml\lib\libsensiml.a(sortarray.o)
                              ..\src\sensiml\lib\libsensiml.a(sorted_copy.o) (sortarray)
..\src\sensiml\lib\libsensiml.a(stat_moment.o)
                              ..\src\sensiml\lib\libsensiml.a(fg_stats_kurtosis.o) (stat_moment)
..\src\sensiml\lib\libsensiml.a(stats_percentile_presorted.o)
[...]
Memory Configuration

Name             Origin             Length             Attributes
rom              0x0000000000000000 0x0000000000040000 xrl
ram              0x0000000020000000 0x0000000000008000 xw !r
config_00804000  0x0000000000804000 0x0000000000000004
config_00804004  0x0000000000804004 0x0000000000000004
*default*        0x0000000000000000 0xffffffffffffffff

Linker script and memory map

LOAD c:/program files/microchip/xc32/v4.60/bin/bin/../../lib/gcc/pic32c/8.3.1/thumb/v6-m/nofp/crti.o
LOAD c:/program files/microchip/xc32/v4.60/bin/bin/../../lib/gcc/pic32c/8.3.1/thumb/v6-m/nofp/crtbegin.o
LOAD build/default/production/_ext/1984496892/plib_clock.o
LOAD build/default/production/_ext/1986646378/plib_evsys.o
LOAD build/default/production/_ext/1865468468/plib_nvic.o
LOAD build/default/production/_ext/1593096446/plib_nvmctrl.o
LOAD build/default/production/_ext/1865521619/plib_port.o
LOAD build/default/production/_ext/60180175/plib_rtc_timer.o
LOAD build/default/production/_ext/504274921/plib_sercom3_usart.o
LOAD build/default/production/_ext/163028504/xc32_monitor.o
LOAD build/default/production/_ext/162237794/touch.o
LOAD build/default/production/_ext/162237794/touch_example.o
LOAD build/default/production/_ext/1171490990/initialization.o
LOAD build/default/production/_ext/1171490990/interrupts.o
LOAD build/default/production/_ext/1171490990/exceptions.o
LOAD build/default/production/_ext/1171490990/startup_xc32.o
LOAD build/default/production/_ext/1171490990/libc_syscalls.o
LOAD build/default/production/_ext/1360937237/sml_recognition_run.o
LOAD build/default/production/_ext/1360937237/main.o
LOAD ..\src\config\default\touch\lib\qtm_acq_samd21_0x0024.X.a
LOAD ..\src\config\default\touch\lib\qtm_touch_key_cm0p_0x0002.X.a
LOAD ..\src\config\default\touch\lib\qtm_freq_hop_cm0p_0x0006.X.a
LOAD ..\src\config\default\touch\lib\qtm_freq_hop_auto_cm0p_0x0004.X.a
LOAD ..\src\sensiml\lib\libsensiml.a
                0x0000000000000001                __MPLAB_BUILD = 0x1
                0x0000000000040000                __rom_end = (ORIGIN (rom) + LENGTH (rom))
                0x0000000020008000                __ram_end = (ORIGIN (ram) + LENGTH (ram))

.config_00804000
 *(.config_00804000)

.config_00804004
 *(.config_00804004)

.vectors        0x0000000000000000       0xb0
                0x0000000000000000                . = ALIGN (0x4)
                0x0000000000000000                _sfixed = .
 *(.vectors .vectors.* .vectors_default .vectors_default.*)
 .vectors.exception_table
                0x0000000000000000       0xb0 build/default/production/_ext/1171490990/interrupts.o
                0x0000000000000000                exception_table
 *(.isr_vector)
 *(.reset*)
 *(.after_vectors)

.text           0x00000000000000b0       0x20
                0x00000000000000b0                . = ALIGN (0x4)
 *(.glue_7t)
 .glue_7t       0x00000000000000b0        0x0 linker stubs
 *(.glue_7)
 .glue_7        0x00000000000000b0        0x0 linker stubs
 *(.gnu.linkonce.r.*)
 *(.ARM.extab* .gnu.linkonce.armextab.*)
                0x00000000000000b0                . = ALIGN (0x4)
 *(.init)
 .init          0x00000000000000b0        0x4 c:/program files/microchip/xc32/v4.60/bin/bin/../../lib/gcc/pic32c/8.3.1/thumb/v6-m/nofp/crti.o
                0x00000000000000b0                _init
 .init          0x00000000000000b4        0x8 c:/program files/microchip/xc32/v4.60/bin/bin/../../lib/gcc/pic32c/8.3.1/thumb/v6-m/nofp/crtn.o
                0x00000000000000bc                . = ALIGN (0x4)
                0x00000000000000bc                __preinit_array_start = .
 *(.preinit_array)
                0x00000000000000bc                __preinit_array_end = .
                0x00000000000000bc                . = ALIGN (0x4)
                0x00000000000000bc                __init_array_start = .
 *(SORT_BY_NAME(.init_array.*))
 *(.init_array)
 .init_array    0x00000000000000bc        0x4 c:/program files/microchip/xc32/v4.60/bin/bin/../../lib/gcc/pic32c/8.3.1/thumb/v6-m/nofp/crtbegin.o
                0x00000000000000c0                __init_array_end = .
                0x00000000000000c0                . = ALIGN (0x4)
 *crtbegin.o(.ctors)
 *(EXCLUDE_FILE(*crtend.o) .ctors)
 *(SORT_BY_NAME(.ctors.*))
 *crtend.o(.ctors)
                0x00000000000000c0                . = ALIGN (0x4)
 *(.fini)
 .fini          0x00000000000000c0        0x4 c:/program files/microchip/xc32/v4.60/bin/bin/../../lib/gcc/pic32c/8.3.1/thumb/v6-m/nofp/crti.o
                0x00000000000000c0                _fini
 .fini          0x00000000000000c4        0x8 c:/program files/microchip/xc32/v4.60/bin/bin/../../lib/gcc/pic32c/8.3.1/thumb/v6-m/nofp/crtn.o
                0x00000000000000cc                . = ALIGN (0x4)
                0x00000000000000cc                __fini_array_start = .
 *(.fini_array)
 .fini_array    0x00000000000000cc        0x4 c:/program files/microchip/xc32/v4.60/bin/bin/../../lib/gcc/pic32c/8.3.1/thumb/v6-m/nofp/crtbegin.o
 *(SORT_BY_NAME(.fini_array.*))
                0x00000000000000d0                __fini_array_end = .
 *crtbegin.o(.dtors)
 *(EXCLUDE_FILE(*crtend.o) .dtors)
 *(SORT_BY_NAME(.dtors.*))
 *crtend.o(.dtors)
                0x00000000000000d0                . = ALIGN (0x4)
                0x00000000000000d0                _efixed = .
                [!provide]                        PROVIDE (__exidx_start = .)

.ARM.exidx      0x00000000000000d0       0x10
 *(.ARM.exidx* .gnu.linkonce.armexidx.*)
 .ARM.exidx     0x00000000000000d8        0x8 c:/program files/microchip/xc32/v4.60/bin/bin/../../lib/gcc/pic32c/8.3.1/thumb/v6-m/nofp\libgcc.a(_udivmoddi4.o)
 .ARM.exidx     0x00000000000000d0        0x8 c:/program files/microchip/xc32/v4.60/bin/bin/../../lib/gcc/pic32c/8.3.1/thumb/v6-m/nofp\libgcc.a(_divdi3.o)
                [!provide]                        PROVIDE (__exidx_end = .)
                0x00000000000000e0                . = ALIGN (0x4)
                0x00000000000000e0                _etext = .

.bss            0x0000000020000000      0x474
                0x0000000020000000                . = ALIGN (0x4)
                0x0000000020000000                __bss_start__ = .
                0x0000000020000000                _sbss = .
                0x0000000020000000                _szero = .
 *(COMMON)
 COMMON         0x0000000020000000        0xc ..\src\config\default\touch\lib\qtm_acq_samd21_0x0024.X.a(sam_acq_x_samd21.o)
                0x0000000020000000                p_qtm_drivenshield_config
                0x0000000020000004                qtm_acquisition_control_working_set_ptr
                0x0000000020000008                qtm_raw_data_measurements_ptr
 COMMON         0x000000002000000c      0x450 ..\src\sensiml\lib\libsensiml.a(kb.o)
                0x000000002000000c                sortedData
                0x000000002000000c                RAW_SDATA_BUFFER_0
                0x000000002000040c                RAW_DATA_BUFFER_0
                0x000000002000044c                rbuffers_0
                0x000000002000044c                sbuffers_0
 COMMON         0x000000002000045c       0x14 ..\src\sensiml\lib\libsensiml.a(kb_pipeline.o)
                0x000000002000045c                columns
 COMMON         0x0000000020000470        0x4 ..\src\sensiml\lib\libsensiml.a(pme.o)
                0x0000000020000470                KBClassifierTable
                0x0000000020000474                . = ALIGN (0x4)
                0x0000000020000474                __bss_end__ = .
                0x0000000020000474                _ebss = .
                0x0000000020000474                _ezero = .
                0x0000000020000474                . = ALIGN (0x4)
                0x0000000020000474                _end = .
                0x0000000020007fff                _ram_end_ = ((ORIGIN (ram) + LENGTH (ram)) - 0x1)
                0x0000000000000200                _min_heap_size = 0x200
START GROUP
LOAD c:/program files/microchip/xc32/v4.60/bin/bin/../../lib/gcc/pic32c/8.3.1/../../../../pic32c/lib/thumb/v6-m/nofp\libpic32c.a
LOAD c:/program files/microchip/xc32/v4.60/bin/bin/../../lib/gcc/pic32c/8.3.1/../../../../pic32c/lib/thumb/v6-m/nofp\libc-size-musl.a
LOAD c:/program files/microchip/xc32/v4.60/bin/bin/../../lib/gcc/pic32c/8.3.1/../../../../pic32c/lib/thumb/v6-m/nofp\liblmalloc-musl.a
LOAD c:/program files/microchip/xc32/v4.60/bin/bin/../../lib/gcc/pic32c/8.3.1/../../../../pic32c/lib/thumb/v6-m/nofp\libm-fast-emfloat.a
LOAD c:/program files/microchip/xc32/v4.60/bin/bin/../../lib/gcc/pic32c/8.3.1/../../../../pic32c/lib/thumb/v6-m/nofp\libm-musl.a
LOAD c:/program files/microchip/xc32/v4.60/bin/bin/../../lib/gcc/pic32c/8.3.1/../../../../pic32c/lib/thumb/v6-m/nofp\libc-musl.a
LOAD c:/program files/microchip/xc32/v4.60/bin/bin/../../lib/gcc/pic32c/8.3.1/../../../../pic32c/lib/thumb/v6-m/nofp\libm-fast-emfloat.a
LOAD c:/program files/microchip/xc32/v4.60/bin/bin/../../lib/gcc/pic32c/8.3.1/../../../../pic32c/lib/thumb/v6-m/nofp\libm-musl.a
LOAD c:/program files/microchip/xc32/v4.60/bin/bin/../../lib/gcc/pic32c/8.3.1/thumb/v6-m/nofp\libgcc.a
END GROUP
LOAD c:/program files/microchip/xc32/v4.60/bin/bin/../../lib/gcc/pic32c/8.3.1/thumb/v6-m/nofp/crtend.o
LOAD c:/program files/microchip/xc32/v4.60/bin/bin/../../lib/gcc/pic32c/8.3.1/thumb/v6-m/nofp/crtn.o
OUTPUT(dist/default/production/test_samd21.X.production.elf elf32-littlearm)
LOAD data_init
LOAD stack

.ARM.attributes
                0x0000000000000000       0x2a
 .ARM.attributes
                0x0000000000000000       0x1e c:/program files/microchip/xc32/v4.60/bin/bin/../../lib/gcc/pic32c/8.3.1/thumb/v6-m/nofp/crti.o
 .ARM.attributes
                0x000000000000001e       0x2c c:/program files/microchip/xc32/v4.60/bin/bin/../../lib/gcc/pic32c/8.3.1/thumb/v6-m/nofp/crtbegin.o
 .ARM.attributes
                0x000000000000004a       0x2c build/default/production/_ext/1984496892/plib_clock.o
 .ARM.attributes
                0x0000000000000076       0x2c build/default/production/_ext/1986646378/plib_evsys.o
 .ARM.attributes
                0x00000000000000a2       0x2c build/default/production/_ext/1865468468/plib_nvic.o
 .ARM.attributes
                0x00000000000000ce       0x2c build/default/production/_ext/1593096446/plib_nvmctrl.o
 .ARM.attributes
                0x00000000000000fa       0x2c build/default/production/_ext/1865521619/plib_port.o
 .ARM.attributes
                0x0000000000000126       0x2c build/default/production/_ext/60180175/plib_rtc_timer.o
 .ARM.attributes
                0x0000000000000152       0x2c build/default/production/_ext/504274921/plib_sercom3_usart.o
 .ARM.attributes
                0x000000000000017e       0x2c build/default/production/_ext/163028504/xc32_monitor.o
 .ARM.attributes
                0x00000000000001aa       0x2c build/default/production/_ext/162237794/touch.o
 .ARM.attributes
                0x00000000000001d6       0x2c build/default/production/_ext/1171490990/initialization.o
 .ARM.attributes
                0x0000000000000202       0x2c build/default/production/_ext/1171490990/interrupts.o
 .ARM.attributes
                0x000000000000022e       0x2c build/default/production/_ext/1171490990/exceptions.o
 .ARM.attributes
                0x000000000000025a       0x2c build/default/production/_ext/1171490990/startup_xc32.o
 .ARM.attributes
                0x0000000000000286       0x2c build/default/production/_ext/1360937237/sml_recognition_run.o
 .ARM.attributes
                0x00000000000002b2       0x2c build/default/production/_ext/1360937237/main.o
 .ARM.attributes
                0x00000000000002de       0x2c ..\src\config\default\touch\lib\qtm_acq_samd21_0x0024.X.a(sam_acq_x_samd21.o)
 .ARM.attributes
                0x000000000000030a       0x2c ..\src\config\default\touch\lib\qtm_touch_key_cm0p_0x0002.X.a(sam_touch_key_x_cm0p.o)
 .ARM.attributes
                0x0000000000000336       0x2c ..\src\config\default\touch\lib\qtm_freq_hop_auto_cm0p_0x0004.X.a(sam_freq_hop_auto_x_cm0p.o)
 .ARM.attributes
                0x0000000000000362       0x2c ..\src\sensiml\lib\libsensiml.a(kb.o)
 .ARM.attributes
                0x000000000000038e       0x2c ..\src\sensiml\lib\libsensiml.a(kb_pipeline.o)
 .ARM.attributes
                0x00000000000003ba       0x2c ..\src\sensiml\lib\libsensiml.a(pme.o)
 .ARM.attributes
                0x00000000000003e6       0x32 ..\src\sensiml\lib\libsensiml.a(pme_trained_neurons.o)
 .ARM.attributes
                0x0000000000000418       0x2c ..\src\sensiml\lib\libsensiml.a(rb.o)
 .ARM.attributes
                0x0000000000000444       0x2c ..\src\sensiml\lib\libsensiml.a(save_sensor_data.o)
 .ARM.attributes
                0x0000000000000470       0x2c ..\src\sensiml\lib\libsensiml.a(sg_windowing.o)
 .ARM.attributes
                0x000000000000049c       0x2c ..\src\sensiml\lib\libsensiml.a(sorted_copy.o)
 .ARM.attributes
                0x00000000000004c8       0x2c ..\src\sensiml\lib\libsensiml.a(tr_min_max_scale.o)
 .ARM.attributes
                0x00000000000004f4       0x2c ..\src\sensiml\lib\libsensiml.a(utils_tr_sensor.o)
 .ARM.attributes
                0x0000000000000520       0x2c ..\src\sensiml\lib\libsensiml.a(dsp_dtw_distance.o)
 .ARM.attributes
                0x000000000000054c       0x2c ..\src\sensiml\lib\libsensiml.a(dsp_l1_distance.o)
 .ARM.attributes
                0x0000000000000578       0x2c ..\src\sensiml\lib\libsensiml.a(dsp_lsup_distance.o)
 .ARM.attributes
                0x00000000000005a4       0x2c ..\src\sensiml\lib\libsensiml.a(fg_amplitude_global_p2p_low_frequency.o)
 .ARM.attributes
                0x00000000000005d0       0x2c ..\src\sensiml\lib\libsensiml.a(fg_amplitude_min_max_sum.o)
 .ARM.attributes
                0x00000000000005fc       0x2c ..\src\sensiml\lib\libsensiml.a(fg_area_absolute_area_high_frequency.o)
 .ARM.attributes
                0x0000000000000628       0x2c ..\src\sensiml\lib\libsensiml.a(fg_frequency_dominant_frequency.o)
 .ARM.attributes
                0x0000000000000654       0x2c ..\src\sensiml\lib\libsensiml.a(fg_frequency_mfcc.o)
 .ARM.attributes
                0x0000000000000680       0x2c ..\src\sensiml\lib\libsensiml.a(fg_frequency_power_spectrum.o)
 .ARM.attributes
                0x00000000000006ac       0x2c ..\src\sensiml\lib\libsensiml.a(fg_peak_frequencies.o)
 .ARM.attributes
                0x00000000000006d8       0x2c ..\src\sensiml\lib\libsensiml.a(fg_stats_iqr.o)
 .ARM.attributes
                0x0000000000000704       0x2c ..\src\sensiml\lib\libsensiml.a(fg_stats_kurtosis.o)
 .ARM.attributes
                0x0000000000000730       0x2c ..\src\sensiml\lib\libsensiml.a(fg_stats_pct075.o)
 .ARM.attributes
                0x000000000000075c       0x2c ..\src\sensiml\lib\libsensiml.a(fg_stats_pct100.o)
 .ARM.attributes
                0x0000000000000788       0x2c ..\src\sensiml\lib\libsensiml.a(fg_stats_skewness.o)
 .ARM.attributes
                0x00000000000007b4       0x2c ..\src\sensiml\lib\libsensiml.a(imfcc.o)
 .ARM.attributes
                0x00000000000007e0       0x2c ..\src\sensiml\lib\libsensiml.a(ma_symmetric.o)
 .ARM.attributes
                0x000000000000080c       0x2c ..\src\sensiml\lib\libsensiml.a(sortarray.o)
 .ARM.attributes
                0x0000000000000838       0x2c ..\src\sensiml\lib\libsensiml.a(stat_moment.o)
 .ARM.attributes
                0x0000000000000864       0x2c ..\src\sensiml\lib\libsensiml.a(stats_percentile_presorted.o)
 .ARM.attributes
                0x0000000000000890       0x2c ..\src\sensiml\lib\libsensiml.a(utils_array_max_uint8.o)
 .ARM.attributes
                0x00000000000008bc       0x2c ..\src\sensiml\lib\libsensiml.a(utils_bitwise_abs_val.o)
 .ARM.attributes
                0x00000000000008e8       0x2c ..\src\sensiml\lib\libsensiml.a(utils_buffer_min_max.o)
 .ARM.attributes
                0x0000000000000914       0x2c ..\src\sensiml\lib\libsensiml.a(fftr.o)
 .ARM.attributes
                0x0000000000000940       0x2c ..\src\sensiml\lib\libsensiml.a(fftr_utils.o)
 .ARM.attributes
                0x000000000000096c       0x2c ..\src\sensiml\lib\libsensiml.a(fixlog.o)
 .ARM.attributes
                0x0000000000000998       0x2c ..\src\sensiml\lib\libsensiml.a(mean.o)
 .ARM.attributes
                0x00000000000009c4       0x2c ..\src\sensiml\lib\libsensiml.a(utils_array.o)
 .ARM.attributes
                0x00000000000009f0       0x2c c:/program files/microchip/xc32/v4.60/bin/bin/../../lib/gcc/pic32c/8.3.1/../../../../pic32c/lib/thumb/v6-m/nofp\libpic32c.a(data_init.o)
 .ARM.attributes
                0x0000000000000a1c       0x2e c:/program files/microchip/xc32/v4.60/bin/bin/../../lib/gcc/pic32c/8.3.1/../../../../pic32c/lib/thumb/v6-m/nofp\libc-size-musl.a(memcpy.o)
 .ARM.attributes
                0x0000000000000a4a       0x2c c:/program files/microchip/xc32/v4.60/bin/bin/../../lib/gcc/pic32c/8.3.1/../../../../pic32c/lib/thumb/v6-m/nofp\libm-fast-emfloat.a(modff.o)
 .ARM.attributes
                0x0000000000000a76       0x2c c:/program files/microchip/xc32/v4.60/bin/bin/../../lib/gcc/pic32c/8.3.1/../../../../pic32c/lib/thumb/v6-m/nofp\libm-fast-emfloat.a(cos.o)
 .ARM.attributes
                0x0000000000000aa2       0x2c c:/program files/microchip/xc32/v4.60/bin/bin/../../lib/gcc/pic32c/8.3.1/../../../../pic32c/lib/thumb/v6-m/nofp\libm-fast-emfloat.a(sqrtf.o)
 .ARM.attributes
                0x0000000000000ace       0x2c c:/program files/microchip/xc32/v4.60/bin/bin/../../lib/gcc/pic32c/8.3.1/../../../../pic32c/lib/thumb/v6-m/nofp\libm-fast-emfloat.a(pow.o)
 .ARM.attributes
                0x0000000000000afa       0x2c c:/program files/microchip/xc32/v4.60/bin/bin/../../lib/gcc/pic32c/8.3.1/../../../../pic32c/lib/thumb/v6-m/nofp\libm-fast-emfloat.a(__SEGGER_RTL_aSqrtData.o)
 .ARM.attributes
                0x0000000000000b26       0x2c c:/program files/microchip/xc32/v4.60/bin/bin/../../lib/gcc/pic32c/8.3.1/../../../../pic32c/lib/thumb/v6-m/nofp\libm-fast-emfloat.a(__SEGGER_RTL_float64_SinCos.o)
 .ARM.attributes
                0x0000000000000b52       0x1c c:/program files/microchip/xc32/v4.60/bin/bin/../../lib/gcc/pic32c/8.3.1/../../../../pic32c/lib/thumb/v6-m/nofp\libm-fast-emfloat.a(__aeabi_fadd.o)
 .ARM.attributes
                0x0000000000000b6e       0x1c c:/program files/microchip/xc32/v4.60/bin/bin/../../lib/gcc/pic32c/8.3.1/../../../../pic32c/lib/thumb/v6-m/nofp\libm-fast-emfloat.a(__aeabi_dadd.o)
 .ARM.attributes
                0x0000000000000b8a       0x1c c:/program files/microchip/xc32/v4.60/bin/bin/../../lib/gcc/pic32c/8.3.1/../../../../pic32c/lib/thumb/v6-m/nofp\libm-fast-emfloat.a(__aeabi_fsub.o)
 .ARM.attributes
                0x0000000000000ba6       0x1c c:/program files/microchip/xc32/v4.60/bin/bin/../../lib/gcc/pic32c/8.3.1/../../../../pic32c/lib/thumb/v6-m/nofp\libm-fast-emfloat.a(__aeabi_dsub.o)
 .ARM.attributes
                0x0000000000000bc2       0x1c c:/program files/microchip/xc32/v4.60/bin/bin/../../lib/gcc/pic32c/8.3.1/../../../../pic32c/lib/thumb/v6-m/nofp\libm-fast-emfloat.a(__aeabi_fmul.o)
 .ARM.attributes
                0x0000000000000bde       0x1c c:/program files/microchip/xc32/v4.60/bin/bin/../../lib/gcc/pic32c/8.3.1/../../../../pic32c/lib/thumb/v6-m/nofp\libm-fast-emfloat.a(__aeabi_dmul_aux.o)
 .ARM.attributes
                0x0000000000000bfa       0x1c c:/program files/microchip/xc32/v4.60/bin/bin/../../lib/gcc/pic32c/8.3.1/../../../../pic32c/lib/thumb/v6-m/nofp\libm-fast-emfloat.a(__aeabi_fdiv.o)
 .ARM.attributes
                0x0000000000000c16       0x1c c:/program files/microchip/xc32/v4.60/bin/bin/../../lib/gcc/pic32c/8.3.1/../../../../pic32c/lib/thumb/v6-m/nofp\libm-fast-emfloat.a(__aeabi_ddiv.o)
 .ARM.attributes
                0x0000000000000c32       0x1c c:/program files/microchip/xc32/v4.60/bin/bin/../../lib/gcc/pic32c/8.3.1/../../../../pic32c/lib/thumb/v6-m/nofp\libm-fast-emfloat.a(__aeabi_fcmple.o)
 .ARM.attributes
                0x0000000000000c4e       0x1c c:/program files/microchip/xc32/v4.60/bin/bin/../../lib/gcc/pic32c/8.3.1/../../../../pic32c/lib/thumb/v6-m/nofp\libm-fast-emfloat.a(__aeabi_fcmpeq.o)
 .ARM.attributes
                0x0000000000000c6a       0x1c c:/program files/microchip/xc32/v4.60/bin/bin/../../lib/gcc/pic32c/8.3.1/../../../../pic32c/lib/thumb/v6-m/nofp\libm-fast-emfloat.a(__aeabi_dcmpeq.o)
 .ARM.attributes
                0x0000000000000c86       0x1c c:/program files/microchip/xc32/v4.60/bin/bin/../../lib/gcc/pic32c/8.3.1/../../../../pic32c/lib/thumb/v6-m/nofp\libm-fast-emfloat.a(__aeabi_fcmpge.o)
 .ARM.attributes
                0x0000000000000ca2       0x1c c:/program files/microchip/xc32/v4.60/bin/bin/../../lib/gcc/pic32c/8.3.1/../../../../pic32c/lib/thumb/v6-m/nofp\libm-fast-emfloat.a(__aeabi_fcmpgt.o)
 .ARM.attributes
                0x0000000000000cbe       0x1c c:/program files/microchip/xc32/v4.60/bin/bin/../../lib/gcc/pic32c/8.3.1/../../../../pic32c/lib/thumb/v6-m/nofp\libm-fast-emfloat.a(__aeabi_fcmplt.o)
 .ARM.attributes
                0x0000000000000cda       0x1c c:/program files/microchip/xc32/v4.60/bin/bin/../../lib/gcc/pic32c/8.3.1/../../../../pic32c/lib/thumb/v6-m/nofp\libm-fast-emfloat.a(__aeabi_dcmplt.o)
 .ARM.attributes
                0x0000000000000cf6       0x1c c:/program files/microchip/xc32/v4.60/bin/bin/../../lib/gcc/pic32c/8.3.1/../../../../pic32c/lib/thumb/v6-m/nofp\libm-fast-emfloat.a(__aeabi_f2iz.o)
 .ARM.attributes
                0x0000000000000d12       0x1c c:/program files/microchip/xc32/v4.60/bin/bin/../../lib/gcc/pic32c/8.3.1/../../../../pic32c/lib/thumb/v6-m/nofp\libm-fast-emfloat.a(__aeabi_d2iz.o)
 .ARM.attributes
                0x0000000000000d2e       0x1c c:/program files/microchip/xc32/v4.60/bin/bin/../../lib/gcc/pic32c/8.3.1/../../../../pic32c/lib/thumb/v6-m/nofp\libm-fast-emfloat.a(__aeabi_f2uiz.o)
 .ARM.attributes
                0x0000000000000d4a       0x1c c:/program files/microchip/xc32/v4.60/bin/bin/../../lib/gcc/pic32c/8.3.1/../../../../pic32c/lib/thumb/v6-m/nofp\libm-fast-emfloat.a(__aeabi_d2uiz.o)
 .ARM.attributes
                0x0000000000000d66       0x1c c:/program files/microchip/xc32/v4.60/bin/bin/../../lib/gcc/pic32c/8.3.1/../../../../pic32c/lib/thumb/v6-m/nofp\libm-fast-emfloat.a(__aeabi_i2f.o)
 .ARM.attributes
                0x0000000000000d82       0x1c c:/program files/microchip/xc32/v4.60/bin/bin/../../lib/gcc/pic32c/8.3.1/../../../../pic32c/lib/thumb/v6-m/nofp\libm-fast-emfloat.a(__aeabi_i2d.o)
 .ARM.attributes
                0x0000000000000d9e       0x1c c:/program files/microchip/xc32/v4.60/bin/bin/../../lib/gcc/pic32c/8.3.1/../../../../pic32c/lib/thumb/v6-m/nofp\libm-fast-emfloat.a(__aeabi_l2f.o)
 .ARM.attributes
                0x0000000000000dba       0x1c c:/program files/microchip/xc32/v4.60/bin/bin/../../lib/gcc/pic32c/8.3.1/../../../../pic32c/lib/thumb/v6-m/nofp\libm-fast-emfloat.a(__aeabi_ui2f.o)
 .ARM.attributes
                0x0000000000000dd6       0x1c c:/program files/microchip/xc32/v4.60/bin/bin/../../lib/gcc/pic32c/8.3.1/../../../../pic32c/lib/thumb/v6-m/nofp\libm-fast-emfloat.a(__aeabi_ui2d.o)
 .ARM.attributes
                0x0000000000000df2       0x1c c:/program files/microchip/xc32/v4.60/bin/bin/../../lib/gcc/pic32c/8.3.1/../../../../pic32c/lib/thumb/v6-m/nofp\libm-fast-emfloat.a(__aeabi_ul2f.o)
 .ARM.attributes
                0x0000000000000e0e       0x1c c:/program files/microchip/xc32/v4.60/bin/bin/../../lib/gcc/pic32c/8.3.1/../../../../pic32c/lib/thumb/v6-m/nofp\libm-fast-emfloat.a(__aeabi_f2d.o)
 .ARM.attributes
                0x0000000000000e2a       0x1c c:/program files/microchip/xc32/v4.60/bin/bin/../../lib/gcc/pic32c/8.3.1/../../../../pic32c/lib/thumb/v6-m/nofp\libm-fast-emfloat.a(__aeabi_d2f.o)
 .ARM.attributes
                0x0000000000000e46       0x2c c:/program files/microchip/xc32/v4.60/bin/bin/../../lib/gcc/pic32c/8.3.1/../../../../pic32c/lib/thumb/v6-m/nofp\libm-fast-emfloat.a(__SEGGER_RTL_float64_PolyEvalP.o)
 .ARM.attributes
                0x0000000000000e72       0x2c c:/program files/microchip/xc32/v4.60/bin/bin/../../lib/gcc/pic32c/8.3.1/../../../../pic32c/lib/thumb/v6-m/nofp\libm-fast-emfloat.a(ldexpf.o)
 .ARM.attributes
                0x0000000000000e9e       0x2c c:/program files/microchip/xc32/v4.60/bin/bin/../../lib/gcc/pic32c/8.3.1/../../../../pic32c/lib/thumb/v6-m/nofp\libm-fast-emfloat.a(frexpf.o)
 .ARM.attributes
                0x0000000000000eca       0x2c c:/program files/microchip/xc32/v4.60/bin/bin/../../lib/gcc/pic32c/8.3.1/../../../../pic32c/lib/thumb/v6-m/nofp\libm-fast-emfloat.a(log.o)
 .ARM.attributes
                0x0000000000000ef6       0x2c c:/program files/microchip/xc32/v4.60/bin/bin/../../lib/gcc/pic32c/8.3.1/../../../../pic32c/lib/thumb/v6-m/nofp\libm-fast-emfloat.a(exp.o)
 .ARM.attributes
                0x0000000000000f22       0x2c c:/program files/microchip/xc32/v4.60/bin/bin/../../lib/gcc/pic32c/8.3.1/../../../../pic32c/lib/thumb/v6-m/nofp\libm-fast-emfloat.a(__SEGGER_RTL_float64_Log.o)
 .ARM.attributes
                0x0000000000000f4e       0x2c c:/program files/microchip/xc32/v4.60/bin/bin/../../lib/gcc/pic32c/8.3.1/../../../../pic32c/lib/thumb/v6-m/nofp\libm-fast-emfloat.a(__SEGGER_RTL_float64_PolyEvalQ.o)
 .ARM.attributes
                0x0000000000000f7a       0x2c c:/program files/microchip/xc32/v4.60/bin/bin/../../lib/gcc/pic32c/8.3.1/../../../../pic32c/lib/thumb/v6-m/nofp\libm-fast-emfloat.a(ldexp.o)
 .ARM.attributes
                0x0000000000000fa6       0x2c c:/program files/microchip/xc32/v4.60/bin/bin/../../lib/gcc/pic32c/8.3.1/../../../../pic32c/lib/thumb/v6-m/nofp\libm-fast-emfloat.a(frexp.o)
 .ARM.attributes
                0x0000000000000fd2       0x2e c:/program files/microchip/xc32/v4.60/bin/bin/../../lib/gcc/pic32c/8.3.1/../../../../pic32c/lib/thumb/v6-m/nofp\libc-musl.a(__libc_start_main.o)
 .ARM.attributes
                0x0000000000001000       0x2e c:/program files/microchip/xc32/v4.60/bin/bin/../../lib/gcc/pic32c/8.3.1/../../../../pic32c/lib/thumb/v6-m/nofp\libc-musl.a(__errno_location.o)
 .ARM.attributes
                0x000000000000102e       0x2e c:/program files/microchip/xc32/v4.60/bin/bin/../../lib/gcc/pic32c/8.3.1/../../../../pic32c/lib/thumb/v6-m/nofp\libc-musl.a(libc.o)
 .ARM.attributes
                0x000000000000105c       0x2e c:/program files/microchip/xc32/v4.60/bin/bin/../../lib/gcc/pic32c/8.3.1/../../../../pic32c/lib/thumb/v6-m/nofp\libc-musl.a(__fmt_d.o)
 .ARM.attributes
                0x000000000000108a       0x2e c:/program files/microchip/xc32/v4.60/bin/bin/../../lib/gcc/pic32c/8.3.1/../../../../pic32c/lib/thumb/v6-m/nofp\libc-musl.a(__fmt_s.o)
 .ARM.attributes
                0x00000000000010b8       0x2e c:/program files/microchip/xc32/v4.60/bin/bin/../../lib/gcc/pic32c/8.3.1/../../../../pic32c/lib/thumb/v6-m/nofp\libc-musl.a(__fmt_u.o)
 .ARM.attributes
                0x00000000000010e6       0x2e c:/program files/microchip/xc32/v4.60/bin/bin/../../lib/gcc/pic32c/8.3.1/../../../../pic32c/lib/thumb/v6-m/nofp\libc-musl.a(__pop_int.o)
 .ARM.attributes
                0x0000000000001114       0x2e c:/program files/microchip/xc32/v4.60/bin/bin/../../lib/gcc/pic32c/8.3.1/../../../../pic32c/lib/thumb/v6-m/nofp\libc-musl.a(__pop_ptr.o)
 .ARM.attributes
                0x0000000000001142       0x2e c:/program files/microchip/xc32/v4.60/bin/bin/../../lib/gcc/pic32c/8.3.1/../../../../pic32c/lib/thumb/v6-m/nofp\libc-musl.a(__printf_core.o)
 .ARM.attributes
                0x0000000000001170       0x2e c:/program files/microchip/xc32/v4.60/bin/bin/../../lib/gcc/pic32c/8.3.1/../../../../pic32c/lib/thumb/v6-m/nofp\libc-musl.a(stdin.o)
 .ARM.attributes
                0x000000000000119e       0x2e c:/program files/microchip/xc32/v4.60/bin/bin/../../lib/gcc/pic32c/8.3.1/../../../../pic32c/lib/thumb/v6-m/nofp\libc-musl.a(stdout.o)
 .ARM.attributes
                0x00000000000011cc       0x2e c:/program files/microchip/xc32/v4.60/bin/bin/../../lib/gcc/pic32c/8.3.1/../../../../pic32c/lib/thumb/v6-m/nofp\libc-musl.a(printf.o)
 .ARM.attributes
                0x00000000000011fa       0x2e c:/program files/microchip/xc32/v4.60/bin/bin/../../lib/gcc/pic32c/8.3.1/../../../../pic32c/lib/thumb/v6-m/nofp\libc-musl.a(puts.o)
 .ARM.attributes
                0x0000000000001228       0x2e c:/program files/microchip/xc32/v4.60/bin/bin/../../lib/gcc/pic32c/8.3.1/../../../../pic32c/lib/thumb/v6-m/nofp\libc-musl.a(setbuf.o)
 .ARM.attributes
                0x0000000000001256       0x2e c:/program files/microchip/xc32/v4.60/bin/bin/../../lib/gcc/pic32c/8.3.1/../../../../pic32c/lib/thumb/v6-m/nofp\libc-musl.a(abs.o)
 .ARM.attributes
                0x0000000000001284       0x2e c:/program files/microchip/xc32/v4.60/bin/bin/../../lib/gcc/pic32c/8.3.1/../../../../pic32c/lib/thumb/v6-m/nofp\libc-musl.a(atoi.o)
 .ARM.attributes
                0x00000000000012b2       0x2e c:/program files/microchip/xc32/v4.60/bin/bin/../../lib/gcc/pic32c/8.3.1/../../../../pic32c/lib/thumb/v6-m/nofp\libc-musl.a(tolower.o)
 .ARM.attributes
                0x00000000000012e0       0x2e c:/program files/microchip/xc32/v4.60/bin/bin/../../lib/gcc/pic32c/8.3.1/../../../../pic32c/lib/thumb/v6-m/nofp\libc-musl.a(__environ.o)
 .ARM.attributes
                0x000000000000130e       0x2e c:/program files/microchip/xc32/v4.60/bin/bin/../../lib/gcc/pic32c/8.3.1/../../../../pic32c/lib/thumb/v6-m/nofp\libc-musl.a(fputs.o)
 .ARM.attributes
                0x000000000000133c       0x2e c:/program files/microchip/xc32/v4.60/bin/bin/../../lib/gcc/pic32c/8.3.1/../../../../pic32c/lib/thumb/v6-m/nofp\libc-musl.a(__cvt_u.o)
 .ARM.attributes
                0x000000000000136a       0x2e c:/program files/microchip/xc32/v4.60/bin/bin/../../lib/gcc/pic32c/8.3.1/../../../../pic32c/lib/thumb/v6-m/nofp\libc-musl.a(__pop_float.o)
 .ARM.attributes
                0x0000000000001398       0x2e c:/program files/microchip/xc32/v4.60/bin/bin/../../lib/gcc/pic32c/8.3.1/../../../../pic32c/lib/thumb/v6-m/nofp\libc-musl.a(__stdio_read.o)
 .ARM.attributes
                0x00000000000013c6       0x2e c:/program files/microchip/xc32/v4.60/bin/bin/../../lib/gcc/pic32c/8.3.1/../../../../pic32c/lib/thumb/v6-m/nofp\libc-musl.a(__towrite_rw.o)
 .ARM.attributes
                0x00000000000013f4       0x2e c:/program files/microchip/xc32/v4.60/bin/bin/../../lib/gcc/pic32c/8.3.1/../../../../pic32c/lib/thumb/v6-m/nofp\libc-musl.a(fwrite.o)
 .ARM.attributes
                0x0000000000001422       0x2e c:/program files/microchip/xc32/v4.60/bin/bin/../../lib/gcc/pic32c/8.3.1/../../../../pic32c/lib/thumb/v6-m/nofp\libc-musl.a(putc.o)
 .ARM.attributes
                0x0000000000001450       0x2e c:/program files/microchip/xc32/v4.60/bin/bin/../../lib/gcc/pic32c/8.3.1/../../../../pic32c/lib/thumb/v6-m/nofp\libc-musl.a(setvbuf.o)
 .ARM.attributes
                0x000000000000147e       0x2e c:/program files/microchip/xc32/v4.60/bin/bin/../../lib/gcc/pic32c/8.3.1/../../../../pic32c/lib/thumb/v6-m/nofp\libc-musl.a(vfprintf.o)
 .ARM.attributes
                0x00000000000014ac       0x2e c:/program files/microchip/xc32/v4.60/bin/bin/../../lib/gcc/pic32c/8.3.1/../../../../pic32c/lib/thumb/v6-m/nofp\libc-musl.a(readv.o)
 .ARM.attributes
                0x00000000000014da       0x2e c:/program files/microchip/xc32/v4.60/bin/bin/../../lib/gcc/pic32c/8.3.1/../../../../pic32c/lib/thumb/v6-m/nofp\libc-musl.a(__init_stdio.o)
 .ARM.attributes
                0x0000000000001508       0x2e c:/program files/microchip/xc32/v4.60/bin/bin/../../lib/gcc/pic32c/8.3.1/../../../../pic32c/lib/thumb/v6-m/nofp\libc-musl.a(__out.o)
 .ARM.attributes
                0x0000000000001536       0x2e c:/program files/microchip/xc32/v4.60/bin/bin/../../lib/gcc/pic32c/8.3.1/../../../../pic32c/lib/thumb/v6-m/nofp\libc-musl.a(__putc.o)
 .ARM.attributes
                0x0000000000001564       0x2e c:/program files/microchip/xc32/v4.60/bin/bin/../../lib/gcc/pic32c/8.3.1/../../../../pic32c/lib/thumb/v6-m/nofp\libc-musl.a(__stderr.o)
 .ARM.attributes
                0x0000000000001592       0x2e c:/program files/microchip/xc32/v4.60/bin/bin/../../lib/gcc/pic32c/8.3.1/../../../../pic32c/lib/thumb/v6-m/nofp\libc-musl.a(__stdio_close.o)
 .ARM.attributes
                0x00000000000015c0       0x2e c:/program files/microchip/xc32/v4.60/bin/bin/../../lib/gcc/pic32c/8.3.1/../../../../pic32c/lib/thumb/v6-m/nofp\libc-musl.a(__stdio_write.o)
 .ARM.attributes
                0x00000000000015ee       0x2e c:/program files/microchip/xc32/v4.60/bin/bin/../../lib/gcc/pic32c/8.3.1/../../../../pic32c/lib/thumb/v6-m/nofp\libc-musl.a(__stdout.o)
 .ARM.attributes
                0x000000000000161c       0x2e c:/program files/microchip/xc32/v4.60/bin/bin/../../lib/gcc/pic32c/8.3.1/../../../../pic32c/lib/thumb/v6-m/nofp\libc-musl.a(__towrite.o)
 .ARM.attributes
                0x000000000000164a       0x2e c:/program files/microchip/xc32/v4.60/bin/bin/../../lib/gcc/pic32c/8.3.1/../../../../pic32c/lib/thumb/v6-m/nofp\libc-musl.a(writev.o)
 .ARM.attributes
                0x0000000000001678       0x2e c:/program files/microchip/xc32/v4.60/bin/bin/../../lib/gcc/pic32c/8.3.1/../../../../pic32c/lib/thumb/v6-m/nofp\libc-musl.a(__overflow.o)
 .ARM.attributes
                0x00000000000016a6       0x2e c:/program files/microchip/xc32/v4.60/bin/bin/../../lib/gcc/pic32c/8.3.1/../../../../pic32c/lib/thumb/v6-m/nofp\libc-musl.a(__fmt_a.o)
 .ARM.attributes
                0x00000000000016d4       0x2e c:/program files/microchip/xc32/v4.60/bin/bin/../../lib/gcc/pic32c/8.3.1/../../../../pic32c/lib/thumb/v6-m/nofp\libc-musl.a(__fmt_fp.o)
 .ARM.attributes
                0x0000000000001702       0x2e c:/program files/microchip/xc32/v4.60/bin/bin/../../lib/gcc/pic32c/8.3.1/../../../../pic32c/lib/thumb/v6-m/nofp\libc-musl.a(__fmt_o.o)
 .ARM.attributes
                0x0000000000001730       0x2e c:/program files/microchip/xc32/v4.60/bin/bin/../../lib/gcc/pic32c/8.3.1/../../../../pic32c/lib/thumb/v6-m/nofp\libc-musl.a(__fmt_x.o)
 .ARM.attributes
                0x000000000000175e       0x2e c:/program files/microchip/xc32/v4.60/bin/bin/../../lib/gcc/pic32c/8.3.1/../../../../pic32c/lib/thumb/v6-m/nofp\libc-musl.a(__fwrite.o)
 .ARM.attributes
                0x000000000000178c       0x2e c:/program files/microchip/xc32/v4.60/bin/bin/../../lib/gcc/pic32c/8.3.1/../../../../pic32c/lib/thumb/v6-m/nofp\libc-musl.a(toupper.o)
 .ARM.attributes
                0x00000000000017ba       0x2c c:/program files/microchip/xc32/v4.60/bin/bin/../../lib/gcc/pic32c/8.3.1/../../../../pic32c/lib/thumb/v6-m/nofp\libm-fast-emfloat.a(fma.o)
 .ARM.attributes
                0x00000000000017e6       0x2c c:/program files/microchip/xc32/v4.60/bin/bin/../../lib/gcc/pic32c/8.3.1/../../../../pic32c/lib/thumb/v6-m/nofp\libm-fast-emfloat.a(floor.o)
 .ARM.attributes
                0x0000000000001812       0x1c c:/program files/microchip/xc32/v4.60/bin/bin/../../lib/gcc/pic32c/8.3.1/../../../../pic32c/lib/thumb/v6-m/nofp\libm-fast-emfloat.a(__aeabi_dcmple.o)
 .ARM.attributes
                0x000000000000182e       0x1c c:/program files/microchip/xc32/v4.60/bin/bin/../../lib/gcc/pic32c/8.3.1/../../../../pic32c/lib/thumb/v6-m/nofp\libm-fast-emfloat.a(__aeabi_dcmpgt.o)
 .ARM.attributes
                0x000000000000184a       0x1e c:/program files/microchip/xc32/v4.60/bin/bin/../../lib/gcc/pic32c/8.3.1/thumb/v6-m/nofp\libgcc.a(_thumb1_case_uhi.o)
 .ARM.attributes
                0x0000000000001868       0x1e c:/program files/microchip/xc32/v4.60/bin/bin/../../lib/gcc/pic32c/8.3.1/thumb/v6-m/nofp\libgcc.a(_udivsi3.o)
 .ARM.attributes
                0x0000000000001886       0x1e c:/program files/microchip/xc32/v4.60/bin/bin/../../lib/gcc/pic32c/8.3.1/thumb/v6-m/nofp\libgcc.a(_divsi3.o)
 .ARM.attributes
                0x00000000000018a4       0x1e c:/program files/microchip/xc32/v4.60/bin/bin/../../lib/gcc/pic32c/8.3.1/thumb/v6-m/nofp\libgcc.a(_dvmd_tls.o)
 .ARM.attributes
                0x00000000000018c2       0x1e c:/program files/microchip/xc32/v4.60/bin/bin/../../lib/gcc/pic32c/8.3.1/thumb/v6-m/nofp\libgcc.a(_aeabi_ldivmod.o)
 .ARM.attributes
                0x00000000000018e0       0x1e c:/program files/microchip/xc32/v4.60/bin/bin/../../lib/gcc/pic32c/8.3.1/thumb/v6-m/nofp\libgcc.a(_aeabi_uldivmod.o)
 .ARM.attributes
                0x00000000000018fe       0x2c c:/program files/microchip/xc32/v4.60/bin/bin/../../lib/gcc/pic32c/8.3.1/thumb/v6-m/nofp\libgcc.a(_muldi3.o)
 .ARM.attributes
                0x000000000000192a       0x2c c:/program files/microchip/xc32/v4.60/bin/bin/../../lib/gcc/pic32c/8.3.1/thumb/v6-m/nofp\libgcc.a(_udivmoddi4.o)
 .ARM.attributes
                0x0000000000001956       0x2c c:/program files/microchip/xc32/v4.60/bin/bin/../../lib/gcc/pic32c/8.3.1/thumb/v6-m/nofp\libgcc.a(bpabi.o)
 .ARM.attributes
                0x0000000000001982       0x1e c:/program files/microchip/xc32/v4.60/bin/bin/../../lib/gcc/pic32c/8.3.1/thumb/v6-m/nofp\libgcc.a(_lshrdi3.o)
 .ARM.attributes
                0x00000000000019a0       0x1e c:/program files/microchip/xc32/v4.60/bin/bin/../../lib/gcc/pic32c/8.3.1/thumb/v6-m/nofp\libgcc.a(_ashldi3.o)
 .ARM.attributes
                0x00000000000019be       0x1e c:/program files/microchip/xc32/v4.60/bin/bin/../../lib/gcc/pic32c/8.3.1/thumb/v6-m/nofp\libgcc.a(_clzdi2.o)
 .ARM.attributes
                0x00000000000019dc       0x2c c:/program files/microchip/xc32/v4.60/bin/bin/../../lib/gcc/pic32c/8.3.1/thumb/v6-m/nofp\libgcc.a(_divdi3.o)
 .ARM.attributes
                0x0000000000001a08       0x1e c:/program files/microchip/xc32/v4.60/bin/bin/../../lib/gcc/pic32c/8.3.1/thumb/v6-m/nofp\libgcc.a(_clzsi2.o)
 .ARM.attributes
                0x0000000000001a26       0x2c c:/program files/microchip/xc32/v4.60/bin/bin/../../lib/gcc/pic32c/8.3.1/../../../../pic32c/lib/thumb/v6-m/nofp\libpic32c.a(close.o)
 .ARM.attributes
                0x0000000000001a52       0x2c c:/program files/microchip/xc32/v4.60/bin/bin/../../lib/gcc/pic32c/8.3.1/../../../../pic32c/lib/thumb/v6-m/nofp\libpic32c.a(lseek.o)
 .ARM.attributes
                0x0000000000001a7e       0x2e c:/program files/microchip/xc32/v4.60/bin/bin/../../lib/gcc/pic32c/8.3.1/../../../../pic32c/lib/thumb/v6-m/nofp\libc-size-musl.a(memset.o)
 .ARM.attributes
                0x0000000000001aac       0x2e c:/program files/microchip/xc32/v4.60/bin/bin/../../lib/gcc/pic32c/8.3.1/../../../../pic32c/lib/thumb/v6-m/nofp\libc-size-musl.a(strlen.o)
 .ARM.attributes
                0x0000000000001ada       0x2e c:/program files/microchip/xc32/v4.60/bin/bin/../../lib/gcc/pic32c/8.3.1/../../../../pic32c/lib/thumb/v6-m/nofp\libc-size-musl.a(strcpy.o)
 .ARM.attributes
                0x0000000000001b08       0x2e c:/program files/microchip/xc32/v4.60/bin/bin/../../lib/gcc/pic32c/8.3.1/../../../../pic32c/lib/thumb/v6-m/nofp\libc-size-musl.a(stpcpy.o)
 .ARM.attributes
                0x0000000000001b36       0x2e c:/program files/microchip/xc32/v4.60/bin/bin/../../lib/gcc/pic32c/8.3.1/../../../../pic32c/lib/thumb/v6-m/nofp\liblmalloc-musl.a(lite_malloc.o)
 .ARM.attributes
                0x0000000000001b64       0x2e c:/program files/microchip/xc32/v4.60/bin/bin/../../lib/gcc/pic32c/8.3.1/../../../../pic32c/lib/thumb/v6-m/nofp\liblmalloc-musl.a(lite_free.o)
 .ARM.attributes
                0x0000000000001b92       0x2e c:/program files/microchip/xc32/v4.60/bin/bin/../../lib/gcc/pic32c/8.3.1/../../../../pic32c/lib/thumb/v6-m/nofp\libc-musl.a(expand_heap.o)
 .ARM.attributes
                0x0000000000001bc0       0x2c c:/program files/microchip/xc32/v4.60/bin/bin/../../lib/gcc/pic32c/8.3.1/../../../../pic32c/lib/thumb/v6-m/nofp\libpic32c.a(sbrk.o)
 .ARM.attributes
                0x0000000000001bec       0x1e c:/program files/microchip/xc32/v4.60/bin/bin/../../lib/gcc/pic32c/8.3.1/thumb/v6-m/nofp/crtn.o
 .ARM.attributes
                0x0000000000001c0a       0x2c c:/program files/microchip/xc32/v4.60/bin/bin/../../lib/gcc/pic32c/8.3.1/../../../../pic32c/lib/thumb/v6-m/nofp\libpic32c.a(pic32_data_init_clear.o)
 .ARM.attributes
                0x0000000000001c36       0x2c c:/program files/microchip/xc32/v4.60/bin/bin/../../lib/gcc/pic32c/8.3.1/../../../../pic32c/lib/thumb/v6-m/nofp\libpic32c.a(pic32_data_init_copy.o)

.comment        0x0000000000000000       0xce
 .comment       0x0000000000000000       0x2b c:/program files/microchip/xc32/v4.60/bin/bin/../../lib/gcc/pic32c/8.3.1/thumb/v6-m/nofp/crtbegin.o
                                         0x2c (size before relaxing)
 .comment       0x000000000000002b       0x2c build/default/production/_ext/1984496892/plib_clock.o
 .comment       0x000000000000002b       0x2c build/default/production/_ext/1986646378/plib_evsys.o
 .comment       0x000000000000002b       0x2c build/default/production/_ext/1865468468/plib_nvic.o
 .comment       0x000000000000002b       0x2c build/default/production/_ext/1593096446/plib_nvmctrl.o
 .comment       0x000000000000002b       0x2c build/default/production/_ext/1865521619/plib_port.o
 .comment       0x000000000000002b       0x2c build/default/production/_ext/60180175/plib_rtc_timer.o
 .comment       0x000000000000002b       0x2c build/default/production/_ext/504274921/plib_sercom3_usart.o
 .comment       0x000000000000002b       0x2c build/default/production/_ext/163028504/xc32_monitor.o
 .comment       0x000000000000002b       0x2c build/default/production/_ext/162237794/touch.o
 .comment       0x000000000000002b       0x2c build/default/production/_ext/1171490990/initialization.o
 .comment       0x000000000000002b       0x2c build/default/production/_ext/1171490990/interrupts.o
 .comment       0x000000000000002b       0x2c build/default/production/_ext/1171490990/exceptions.o
 .comment       0x000000000000002b       0x2c build/default/production/_ext/1171490990/startup_xc32.o
 .comment       0x000000000000002b       0x2c build/default/production/_ext/1360937237/sml_recognition_run.o
 .comment       0x000000000000002b       0x2c build/default/production/_ext/1360937237/main.o
 .comment       0x000000000000002b       0x3c ..\src\config\default\touch\lib\qtm_acq_samd21_0x0024.X.a(sam_acq_x_samd21.o)
                                         0x3d (size before relaxing)
 .comment       0x0000000000000067       0x3c ..\src\config\default\touch\lib\qtm_touch_key_cm0p_0x0002.X.a(sam_touch_key_x_cm0p.o)
                                         0x3d (size before relaxing)
 .comment       0x00000000000000a3       0x3d ..\src\config\default\touch\lib\qtm_freq_hop_auto_cm0p_0x0004.X.a(sam_freq_hop_auto_x_cm0p.o)
 .comment       0x00000000000000a3       0x2b ..\src\sensiml\lib\libsensiml.a(kb.o)
                                         0x2c (size before relaxing)
 .comment       0x00000000000000ce       0x2c ..\src\sensiml\lib\libsensiml.a(kb_pipeline.o)
 .comment       0x00000000000000ce       0x2c ..\src\sensiml\lib\libsensiml.a(pme.o)
 .comment       0x00000000000000ce       0x2c ..\src\sensiml\lib\libsensiml.a(pme_trained_neurons.o)
 .comment       0x00000000000000ce       0x2c ..\src\sensiml\lib\libsensiml.a(rb.o)
 .comment       0x00000000000000ce       0x2c ..\src\sensiml\lib\libsensiml.a(save_sensor_data.o)
 .comment       0x00000000000000ce       0x2c ..\src\sensiml\lib\libsensiml.a(sg_windowing.o)
 .comment       0x00000000000000ce       0x2c ..\src\sensiml\lib\libsensiml.a(sorted_copy.o)
 .comment       0x00000000000000ce       0x2c ..\src\sensiml\lib\libsensiml.a(tr_min_max_scale.o)
 .comment       0x00000000000000ce       0x2c ..\src\sensiml\lib\libsensiml.a(utils_tr_sensor.o)
 .comment       0x00000000000000ce       0x2c ..\src\sensiml\lib\libsensiml.a(dsp_dtw_distance.o)
 .comment       0x00000000000000ce       0x2c ..\src\sensiml\lib\libsensiml.a(dsp_l1_distance.o)
 .comment       0x00000000000000ce       0x2c ..\src\sensiml\lib\libsensiml.a(dsp_lsup_distance.o)
 .comment       0x00000000000000ce       0x2c ..\src\sensiml\lib\libsensiml.a(fg_amplitude_global_p2p_low_frequency.o)
 .comment       0x00000000000000ce       0x2c ..\src\sensiml\lib\libsensiml.a(fg_amplitude_min_max_sum.o)
 .comment       0x00000000000000ce       0x2c ..\src\sensiml\lib\libsensiml.a(fg_area_absolute_area_high_frequency.o)
 .comment       0x00000000000000ce       0x2c ..\src\sensiml\lib\libsensiml.a(fg_frequency_dominant_frequency.o)
 .comment       0x00000000000000ce       0x2c ..\src\sensiml\lib\libsensiml.a(fg_frequency_mfcc.o)
 .comment       0x00000000000000ce       0x2c ..\src\sensiml\lib\libsensiml.a(fg_frequency_power_spectrum.o)
 .comment       0x00000000000000ce       0x2c ..\src\sensiml\lib\libsensiml.a(fg_peak_frequencies.o)
 .comment       0x00000000000000ce       0x2c ..\src\sensiml\lib\libsensiml.a(fg_stats_iqr.o)
 .comment       0x00000000000000ce       0x2c ..\src\sensiml\lib\libsensiml.a(fg_stats_kurtosis.o)
 .comment       0x00000000000000ce       0x2c ..\src\sensiml\lib\libsensiml.a(fg_stats_pct075.o)
 .comment       0x00000000000000ce       0x2c ..\src\sensiml\lib\libsensiml.a(fg_stats_pct100.o)
 .comment       0x00000000000000ce       0x2c ..\src\sensiml\lib\libsensiml.a(fg_stats_skewness.o)
 .comment       0x00000000000000ce       0x2c ..\src\sensiml\lib\libsensiml.a(imfcc.o)
 .comment       0x00000000000000ce       0x2c ..\src\sensiml\lib\libsensiml.a(ma_symmetric.o)
 .comment       0x00000000000000ce       0x2c ..\src\sensiml\lib\libsensiml.a(sortarray.o)
 .comment       0x00000000000000ce       0x2c ..\src\sensiml\lib\libsensiml.a(stat_moment.o)
 .comment       0x00000000000000ce       0x2c ..\src\sensiml\lib\libsensiml.a(stats_percentile_presorted.o)
 .comment       0x00000000000000ce       0x2c ..\src\sensiml\lib\libsensiml.a(utils_array_max_uint8.o)
 .comment       0x00000000000000ce       0x2c ..\src\sensiml\lib\libsensiml.a(utils_bitwise_abs_val.o)
 .comment       0x00000000000000ce       0x2c ..\src\sensiml\lib\libsensiml.a(utils_buffer_min_max.o)
 .comment       0x00000000000000ce       0x2c ..\src\sensiml\lib\libsensiml.a(fftr.o)
 .comment       0x00000000000000ce       0x2c ..\src\sensiml\lib\libsensiml.a(fftr_utils.o)
 .comment       0x00000000000000ce       0x2c ..\src\sensiml\lib\libsensiml.a(fixlog.o)
 .comment       0x00000000000000ce       0x2c ..\src\sensiml\lib\libsensiml.a(mean.o)
 .comment       0x00000000000000ce       0x2c ..\src\sensiml\lib\libsensiml.a(utils_array.o)
 .comment       0x00000000000000ce       0x2c c:/program files/microchip/xc32/v4.60/bin/bin/../../lib/gcc/pic32c/8.3.1/../../../../pic32c/lib/thumb/v6-m/nofp\libpic32c.a(data_init.o)
 .comment       0x00000000000000ce       0x2c c:/program files/microchip/xc32/v4.60/bin/bin/../../lib/gcc/pic32c/8.3.1/../../../../pic32c/lib/thumb/v6-m/nofp\libc-size-musl.a(memcpy.o)
 .comment       0x00000000000000ce       0x2c c:/program files/microchip/xc32/v4.60/bin/bin/../../lib/gcc/pic32c/8.3.1/../../../../pic32c/lib/thumb/v6-m/nofp\libm-fast-emfloat.a(modff.o)
 .comment       0x00000000000000ce       0x2c c:/program files/microchip/xc32/v4.60/bin/bin/../../lib/gcc/pic32c/8.3.1/../../../../pic32c/lib/thumb/v6-m/nofp\libm-fast-emfloat.a(cos.o)
 .comment       0x00000000000000ce       0x2c c:/program files/microchip/xc32/v4.60/bin/bin/../../lib/gcc/pic32c/8.3.1/../../../../pic32c/lib/thumb/v6-m/nofp\libm-fast-emfloat.a(sqrtf.o)
 .comment       0x00000000000000ce       0x2c c:/program files/microchip/xc32/v4.60/bin/bin/../../lib/gcc/pic32c/8.3.1/../../../../pic32c/lib/thumb/v6-m/nofp\libm-fast-emfloat.a(pow.o)
 .comment       0x00000000000000ce       0x2c c:/program files/microchip/xc32/v4.60/bin/bin/../../lib/gcc/pic32c/8.3.1/../../../../pic32c/lib/thumb/v6-m/nofp\libm-fast-emfloat.a(__SEGGER_RTL_aSqrtData.o)
 .comment       0x00000000000000ce       0x2c c:/program files/microchip/xc32/v4.60/bin/bin/../../lib/gcc/pic32c/8.3.1/../../../../pic32c/lib/thumb/v6-m/nofp\libm-fast-emfloat.a(__SEGGER_RTL_float64_SinCos.o)
 .comment       0x00000000000000ce       0x2c c:/program files/microchip/xc32/v4.60/bin/bin/../../lib/gcc/pic32c/8.3.1/../../../../pic32c/lib/thumb/v6-m/nofp\libm-fast-emfloat.a(__SEGGER_RTL_float64_PolyEvalP.o)
 .comment       0x00000000000000ce       0x2c c:/program files/microchip/xc32/v4.60/bin/bin/../../lib/gcc/pic32c/8.3.1/../../../../pic32c/lib/thumb/v6-m/nofp\libm-fast-emfloat.a(ldexpf.o)
 .comment       0x00000000000000ce       0x2c c:/program files/microchip/xc32/v4.60/bin/bin/../../lib/gcc/pic32c/8.3.1/../../../../pic32c/lib/thumb/v6-m/nofp\libm-fast-emfloat.a(frexpf.o)
 .comment       0x00000000000000ce       0x2c c:/program files/microchip/xc32/v4.60/bin/bin/../../lib/gcc/pic32c/8.3.1/../../../../pic32c/lib/thumb/v6-m/nofp\libm-fast-emfloat.a(log.o)
 .comment       0x00000000000000ce       0x2c c:/program files/microchip/xc32/v4.60/bin/bin/../../lib/gcc/pic32c/8.3.1/../../../../pic32c/lib/thumb/v6-m/nofp\libm-fast-emfloat.a(exp.o)
 .comment       0x00000000000000ce       0x2c c:/program files/microchip/xc32/v4.60/bin/bin/../../lib/gcc/pic32c/8.3.1/../../../../pic32c/lib/thumb/v6-m/nofp\libm-fast-emfloat.a(__SEGGER_RTL_float64_Log.o)
 .comment       0x00000000000000ce       0x2c c:/program files/microchip/xc32/v4.60/bin/bin/../../lib/gcc/pic32c/8.3.1/../../../../pic32c/lib/thumb/v6-m/nofp\libm-fast-emfloat.a(__SEGGER_RTL_float64_PolyEvalQ.o)
 .comment       0x00000000000000ce       0x2c c:/program files/microchip/xc32/v4.60/bin/bin/../../lib/gcc/pic32c/8.3.1/../../../../pic32c/lib/thumb/v6-m/nofp\libm-fast-emfloat.a(ldexp.o)
 .comment       0x00000000000000ce       0x2c c:/program files/microchip/xc32/v4.60/bin/bin/../../lib/gcc/pic32c/8.3.1/../../../../pic32c/lib/thumb/v6-m/nofp\libm-fast-emfloat.a(frexp.o)
 .comment       0x00000000000000ce       0x2c c:/program files/microchip/xc32/v4.60/bin/bin/../../lib/gcc/pic32c/8.3.1/../../../../pic32c/lib/thumb/v6-m/nofp\libc-musl.a(__libc_start_main.o)
 .comment       0x00000000000000ce       0x2c c:/program files/microchip/xc32/v4.60/bin/bin/../../lib/gcc/pic32c/8.3.1/../../../../pic32c/lib/thumb/v6-m/nofp\libc-musl.a(__errno_location.o)
 .comment       0x00000000000000ce       0x2c c:/program files/microchip/xc32/v4.60/bin/bin/../../lib/gcc/pic32c/8.3.1/../../../../pic32c/lib/thumb/v6-m/nofp\libc-musl.a(libc.o)
 .comment       0x00000000000000ce       0x2c c:/program files/microchip/xc32/v4.60/bin/bin/../../lib/gcc/pic32c/8.3.1/../../../../pic32c/lib/thumb/v6-m/nofp\libc-musl.a(__fmt_d.o)
 .comment       0x00000000000000ce       0x2c c:/program files/microchip/xc32/v4.60/bin/bin/../../lib/gcc/pic32c/8.3.1/../../../../pic32c/lib/thumb/v6-m/nofp\libc-musl.a(__fmt_s.o)
 .comment       0x00000000000000ce       0x2c c:/program files/microchip/xc32/v4.60/bin/bin/../../lib/gcc/pic32c/8.3.1/../../../../pic32c/lib/thumb/v6-m/nofp\libc-musl.a(__fmt_u.o)
 .comment       0x00000000000000ce       0x2c c:/program files/microchip/xc32/v4.60/bin/bin/../../lib/gcc/pic32c/8.3.1/../../../../pic32c/lib/thumb/v6-m/nofp\libc-musl.a(__pop_int.o)
 .comment       0x00000000000000ce       0x2c c:/program files/microchip/xc32/v4.60/bin/bin/../../lib/gcc/pic32c/8.3.1/../../../../pic32c/lib/thumb/v6-m/nofp\libc-musl.a(__pop_ptr.o)
 .comment       0x00000000000000ce       0x2c c:/program files/microchip/xc32/v4.60/bin/bin/../../lib/gcc/pic32c/8.3.1/../../../../pic32c/lib/thumb/v6-m/nofp\libc-musl.a(__printf_core.o)
 .comment       0x00000000000000ce       0x2c c:/program files/microchip/xc32/v4.60/bin/bin/../../lib/gcc/pic32c/8.3.1/../../../../pic32c/lib/thumb/v6-m/nofp\libc-musl.a(stdin.o)
 .comment       0x00000000000000ce       0x2c c:/program files/microchip/xc32/v4.60/bin/bin/../../lib/gcc/pic32c/8.3.1/../../../../pic32c/lib/thumb/v6-m/nofp\libc-musl.a(stdout.o)
 .comment       0x00000000000000ce       0x2c c:/program files/microchip/xc32/v4.60/bin/bin/../../lib/gcc/pic32c/8.3.1/../../../../pic32c/lib/thumb/v6-m/nofp\libc-musl.a(printf.o)
 .comment       0x00000000000000ce       0x2c c:/program files/microchip/xc32/v4.60/bin/bin/../../lib/gcc/pic32c/8.3.1/../../../../pic32c/lib/thumb/v6-m/nofp\libc-musl.a(puts.o)
 .comment       0x00000000000000ce       0x2c c:/program files/microchip/xc32/v4.60/bin/bin/../../lib/gcc/pic32c/8.3.1/../../../../pic32c/lib/thumb/v6-m/nofp\libc-musl.a(setbuf.o)
 .comment       0x00000000000000ce       0x2c c:/program files/microchip/xc32/v4.60/bin/bin/../../lib/gcc/pic32c/8.3.1/../../../../pic32c/lib/thumb/v6-m/nofp\libc-musl.a(abs.o)
 .comment       0x00000000000000ce       0x2c c:/program files/microchip/xc32/v4.60/bin/bin/../../lib/gcc/pic32c/8.3.1/../../../../pic32c/lib/thumb/v6-m/nofp\libc-musl.a(atoi.o)
 .comment       0x00000000000000ce       0x2c c:/program files/microchip/xc32/v4.60/bin/bin/../../lib/gcc/pic32c/8.3.1/../../../../pic32c/lib/thumb/v6-m/nofp\libc-musl.a(tolower.o)
 .comment       0x00000000000000ce       0x2c c:/program files/microchip/xc32/v4.60/bin/bin/../../lib/gcc/pic32c/8.3.1/../../../../pic32c/lib/thumb/v6-m/nofp\libc-musl.a(__environ.o)
 .comment       0x00000000000000ce       0x2c c:/program files/microchip/xc32/v4.60/bin/bin/../../lib/gcc/pic32c/8.3.1/../../../../pic32c/lib/thumb/v6-m/nofp\libc-musl.a(fputs.o)
 .comment       0x00000000000000ce       0x2c c:/program files/microchip/xc32/v4.60/bin/bin/../../lib/gcc/pic32c/8.3.1/../../../../pic32c/lib/thumb/v6-m/nofp\libc-musl.a(__cvt_u.o)
 .comment       0x00000000000000ce       0x2c c:/program files/microchip/xc32/v4.60/bin/bin/../../lib/gcc/pic32c/8.3.1/../../../../pic32c/lib/thumb/v6-m/nofp\libc-musl.a(__pop_float.o)
 .comment       0x00000000000000ce       0x2c c:/program files/microchip/xc32/v4.60/bin/bin/../../lib/gcc/pic32c/8.3.1/../../../../pic32c/lib/thumb/v6-m/nofp\libc-musl.a(__stdio_read.o)
 .comment       0x00000000000000ce       0x2c c:/program files/microchip/xc32/v4.60/bin/bin/../../lib/gcc/pic32c/8.3.1/../../../../pic32c/lib/thumb/v6-m/nofp\libc-musl.a(__towrite_rw.o)
 .comment       0x00000000000000ce       0x2c c:/program files/microchip/xc32/v4.60/bin/bin/../../lib/gcc/pic32c/8.3.1/../../../../pic32c/lib/thumb/v6-m/nofp\libc-musl.a(fwrite.o)
 .comment       0x00000000000000ce       0x2c c:/program files/microchip/xc32/v4.60/bin/bin/../../lib/gcc/pic32c/8.3.1/../../../../pic32c/lib/thumb/v6-m/nofp\libc-musl.a(putc.o)
 .comment       0x00000000000000ce       0x2c c:/program files/microchip/xc32/v4.60/bin/bin/../../lib/gcc/pic32c/8.3.1/../../../../pic32c/lib/thumb/v6-m/nofp\libc-musl.a(setvbuf.o)
 .comment       0x00000000000000ce       0x2c c:/program files/microchip/xc32/v4.60/bin/bin/../../lib/gcc/pic32c/8.3.1/../../../../pic32c/lib/thumb/v6-m/nofp\libc-musl.a(vfprintf.o)
 .comment       0x00000000000000ce       0x2c c:/program files/microchip/xc32/v4.60/bin/bin/../../lib/gcc/pic32c/8.3.1/../../../../pic32c/lib/thumb/v6-m/nofp\libc-musl.a(readv.o)
 .comment       0x00000000000000ce       0x2c c:/program files/microchip/xc32/v4.60/bin/bin/../../lib/gcc/pic32c/8.3.1/../../../../pic32c/lib/thumb/v6-m/nofp\libc-musl.a(__init_stdio.o)
 .comment       0x00000000000000ce       0x2c c:/program files/microchip/xc32/v4.60/bin/bin/../../lib/gcc/pic32c/8.3.1/../../../../pic32c/lib/thumb/v6-m/nofp\libc-musl.a(__out.o)
 .comment       0x00000000000000ce       0x2c c:/program files/microchip/xc32/v4.60/bin/bin/../../lib/gcc/pic32c/8.3.1/../../../../pic32c/lib/thumb/v6-m/nofp\libc-musl.a(__putc.o)
 .comment       0x00000000000000ce       0x2c c:/program files/microchip/xc32/v4.60/bin/bin/../../lib/gcc/pic32c/8.3.1/../../../../pic32c/lib/thumb/v6-m/nofp\libc-musl.a(__stderr.o)
 .comment       0x00000000000000ce       0x2c c:/program files/microchip/xc32/v4.60/bin/bin/../../lib/gcc/pic32c/8.3.1/../../../../pic32c/lib/thumb/v6-m/nofp\libc-musl.a(__stdio_close.o)
 .comment       0x00000000000000ce       0x2c c:/program files/microchip/xc32/v4.60/bin/bin/../../lib/gcc/pic32c/8.3.1/../../../../pic32c/lib/thumb/v6-m/nofp\libc-musl.a(__stdio_write.o)
 .comment       0x00000000000000ce       0x2c c:/program files/microchip/xc32/v4.60/bin/bin/../../lib/gcc/pic32c/8.3.1/../../../../pic32c/lib/thumb/v6-m/nofp\libc-musl.a(__stdout.o)
 .comment       0x00000000000000ce       0x2c c:/program files/microchip/xc32/v4.60/bin/bin/../../lib/gcc/pic32c/8.3.1/../../../../pic32c/lib/thumb/v6-m/nofp\libc-musl.a(__towrite.o)
 .comment       0x00000000000000ce       0x2c c:/program files/microchip/xc32/v4.60/bin/bin/../../lib/gcc/pic32c/8.3.1/../../../../pic32c/lib/thumb/v6-m/nofp\libc-musl.a(writev.o)
 .comment       0x00000000000000ce       0x2c c:/program files/microchip/xc32/v4.60/bin/bin/../../lib/gcc/pic32c/8.3.1/../../../../pic32c/lib/thumb/v6-m/nofp\libc-musl.a(__overflow.o)
 .comment       0x00000000000000ce       0x2c c:/program files/microchip/xc32/v4.60/bin/bin/../../lib/gcc/pic32c/8.3.1/../../../../pic32c/lib/thumb/v6-m/nofp\libc-musl.a(__fmt_a.o)
 .comment       0x00000000000000ce       0x2c c:/program files/microchip/xc32/v4.60/bin/bin/../../lib/gcc/pic32c/8.3.1/../../../../pic32c/lib/thumb/v6-m/nofp\libc-musl.a(__fmt_fp.o)
 .comment       0x00000000000000ce       0x2c c:/program files/microchip/xc32/v4.60/bin/bin/../../lib/gcc/pic32c/8.3.1/../../../../pic32c/lib/thumb/v6-m/nofp\libc-musl.a(__fmt_o.o)
 .comment       0x00000000000000ce       0x2c c:/program files/microchip/xc32/v4.60/bin/bin/../../lib/gcc/pic32c/8.3.1/../../../../pic32c/lib/thumb/v6-m/nofp\libc-musl.a(__fmt_x.o)
 .comment       0x00000000000000ce       0x2c c:/program files/microchip/xc32/v4.60/bin/bin/../../lib/gcc/pic32c/8.3.1/../../../../pic32c/lib/thumb/v6-m/nofp\libc-musl.a(__fwrite.o)
 .comment       0x00000000000000ce       0x2c c:/program files/microchip/xc32/v4.60/bin/bin/../../lib/gcc/pic32c/8.3.1/../../../../pic32c/lib/thumb/v6-m/nofp\libc-musl.a(toupper.o)
 .comment       0x00000000000000ce       0x2c c:/program files/microchip/xc32/v4.60/bin/bin/../../lib/gcc/pic32c/8.3.1/../../../../pic32c/lib/thumb/v6-m/nofp\libm-fast-emfloat.a(fma.o)
 .comment       0x00000000000000ce       0x2c c:/program files/microchip/xc32/v4.60/bin/bin/../../lib/gcc/pic32c/8.3.1/../../../../pic32c/lib/thumb/v6-m/nofp\libm-fast-emfloat.a(floor.o)
 .comment       0x00000000000000ce       0x2c c:/program files/microchip/xc32/v4.60/bin/bin/../../lib/gcc/pic32c/8.3.1/thumb/v6-m/nofp\libgcc.a(_muldi3.o)
 .comment       0x00000000000000ce       0x2c c:/program files/microchip/xc32/v4.60/bin/bin/../../lib/gcc/pic32c/8.3.1/thumb/v6-m/nofp\libgcc.a(_udivmoddi4.o)
 .comment       0x00000000000000ce       0x2c c:/program files/microchip/xc32/v4.60/bin/bin/../../lib/gcc/pic32c/8.3.1/thumb/v6-m/nofp\libgcc.a(bpabi.o)
 .comment       0x00000000000000ce       0x2c c:/program files/microchip/xc32/v4.60/bin/bin/../../lib/gcc/pic32c/8.3.1/thumb/v6-m/nofp\libgcc.a(_divdi3.o)
 .comment       0x00000000000000ce       0x2c c:/program files/microchip/xc32/v4.60/bin/bin/../../lib/gcc/pic32c/8.3.1/../../../../pic32c/lib/thumb/v6-m/nofp\libpic32c.a(close.o)
 .comment       0x00000000000000ce       0x2c c:/program files/microchip/xc32/v4.60/bin/bin/../../lib/gcc/pic32c/8.3.1/../../../../pic32c/lib/thumb/v6-m/nofp\libpic32c.a(lseek.o)
 .comment       0x00000000000000ce       0x2c c:/program files/microchip/xc32/v4.60/bin/bin/../../lib/gcc/pic32c/8.3.1/../../../../pic32c/lib/thumb/v6-m/nofp\libc-size-musl.a(memset.o)
 .comment       0x00000000000000ce       0x2c c:/program files/microchip/xc32/v4.60/bin/bin/../../lib/gcc/pic32c/8.3.1/../../../../pic32c/lib/thumb/v6-m/nofp\libc-size-musl.a(strlen.o)
 .comment       0x00000000000000ce       0x2c c:/program files/microchip/xc32/v4.60/bin/bin/../../lib/gcc/pic32c/8.3.1/../../../../pic32c/lib/thumb/v6-m/nofp\libc-size-musl.a(strcpy.o)
 .comment       0x00000000000000ce       0x2c c:/program files/microchip/xc32/v4.60/bin/bin/../../lib/gcc/pic32c/8.3.1/../../../../pic32c/lib/thumb/v6-m/nofp\libc-size-musl.a(stpcpy.o)
 .comment       0x00000000000000ce       0x2c c:/program files/microchip/xc32/v4.60/bin/bin/../../lib/gcc/pic32c/8.3.1/../../../../pic32c/lib/thumb/v6-m/nofp\liblmalloc-musl.a(lite_malloc.o)
 .comment       0x00000000000000ce       0x2c c:/program files/microchip/xc32/v4.60/bin/bin/../../lib/gcc/pic32c/8.3.1/../../../../pic32c/lib/thumb/v6-m/nofp\liblmalloc-musl.a(lite_free.o)
 .comment       0x00000000000000ce       0x2c c:/program files/microchip/xc32/v4.60/bin/bin/../../lib/gcc/pic32c/8.3.1/../../../../pic32c/lib/thumb/v6-m/nofp\libc-musl.a(expand_heap.o)
 .comment       0x00000000000000ce       0x2c c:/program files/microchip/xc32/v4.60/bin/bin/../../lib/gcc/pic32c/8.3.1/../../../../pic32c/lib/thumb/v6-m/nofp\libpic32c.a(sbrk.o)
 .comment       0x00000000000000ce       0x2c c:/program files/microchip/xc32/v4.60/bin/bin/../../lib/gcc/pic32c/8.3.1/../../../../pic32c/lib/thumb/v6-m/nofp\libpic32c.a(pic32_data_init_clear.o)
 .comment       0x00000000000000ce       0x2c c:/program files/microchip/xc32/v4.60/bin/bin/../../lib/gcc/pic32c/8.3.1/../../../../pic32c/lib/thumb/v6-m/nofp\libpic32c.a(pic32_data_init_copy.o)

.debug_info     0x0000000000000000     0xe925
 .debug_info    0x0000000000000000      0x5df build/default/production/_ext/1984496892/plib_clock.o
 .debug_info    0x00000000000005df      0x27c build/default/production/_ext/1986646378/plib_evsys.o
 .debug_info    0x000000000000085b      0x692 build/default/production/_ext/1865468468/plib_nvic.o
 .debug_info    0x0000000000000eed      0x5a0 build/default/production/_ext/1593096446/plib_nvmctrl.o
 .debug_info    0x000000000000148d      0x6d6 build/default/production/_ext/1865521619/plib_port.o
 .debug_info    0x0000000000001b63      0x73e build/default/production/_ext/60180175/plib_rtc_timer.o
 .debug_info    0x00000000000022a1     0x118a build/default/production/_ext/504274921/plib_sercom3_usart.o
 .debug_info    0x000000000000342b      0x1ce build/default/production/_ext/163028504/xc32_monitor.o
 .debug_info    0x00000000000035f9     0x14fa build/default/production/_ext/162237794/touch.o
 .debug_info    0x0000000000004af3      0x34f build/default/production/_ext/1171490990/initialization.o
 .debug_info    0x0000000000004e42      0x3b2 build/default/production/_ext/1171490990/interrupts.o
 .debug_info    0x00000000000051f4       0xba build/default/production/_ext/1171490990/exceptions.o
 .debug_info    0x00000000000052ae      0x205 build/default/production/_ext/1171490990/startup_xc32.o
 .debug_info    0x00000000000054b3      0x189 build/default/production/_ext/1360937237/sml_recognition_run.o
 .debug_info    0x000000000000563c      0x5f9 build/default/production/_ext/1360937237/main.o
 .debug_info    0x0000000000005c35       0x68 c:/program files/microchip/xc32/v4.60/bin/bin/../../lib/gcc/pic32c/8.3.1/../../../../pic32c/lib/thumb/v6-m/nofp\libpic32c.a(data_init.o)
 .debug_info    0x0000000000005c9d       0xed c:/program files/microchip/xc32/v4.60/bin/bin/../../lib/gcc/pic32c/8.3.1/../../../../pic32c/lib/thumb/v6-m/nofp\libc-size-musl.a(memcpy.o)
 .debug_info    0x0000000000005d8a      0x2fb c:/program files/microchip/xc32/v4.60/bin/bin/../../lib/gcc/pic32c/8.3.1/../../../../pic32c/lib/thumb/v6-m/nofp\libc-musl.a(__libc_start_main.o)
 .debug_info    0x0000000000006085       0x5b c:/program files/microchip/xc32/v4.60/bin/bin/../../lib/gcc/pic32c/8.3.1/../../../../pic32c/lib/thumb/v6-m/nofp\libc-musl.a(__errno_location.o)
 .debug_info    0x00000000000060e0      0x276 c:/program files/microchip/xc32/v4.60/bin/bin/../../lib/gcc/pic32c/8.3.1/../../../../pic32c/lib/thumb/v6-m/nofp\libc-musl.a(libc.o)
 .debug_info    0x0000000000006356      0x330 c:/program files/microchip/xc32/v4.60/bin/bin/../../lib/gcc/pic32c/8.3.1/../../../../pic32c/lib/thumb/v6-m/nofp\libc-musl.a(__fmt_d.o)
 .debug_info    0x0000000000006686      0x2e9 c:/program files/microchip/xc32/v4.60/bin/bin/../../lib/gcc/pic32c/8.3.1/../../../../pic32c/lib/thumb/v6-m/nofp\libc-musl.a(__fmt_s.o)
 .debug_info    0x000000000000696f      0x301 c:/program files/microchip/xc32/v4.60/bin/bin/../../lib/gcc/pic32c/8.3.1/../../../../pic32c/lib/thumb/v6-m/nofp\libc-musl.a(__fmt_u.o)
 .debug_info    0x0000000000006c70      0x183 c:/program files/microchip/xc32/v4.60/bin/bin/../../lib/gcc/pic32c/8.3.1/../../../../pic32c/lib/thumb/v6-m/nofp\libc-musl.a(__pop_int.o)
 .debug_info    0x0000000000006df3      0x18d c:/program files/microchip/xc32/v4.60/bin/bin/../../lib/gcc/pic32c/8.3.1/../../../../pic32c/lib/thumb/v6-m/nofp\libc-musl.a(__pop_ptr.o)
 .debug_info    0x0000000000006f80      0xa6f c:/program files/microchip/xc32/v4.60/bin/bin/../../lib/gcc/pic32c/8.3.1/../../../../pic32c/lib/thumb/v6-m/nofp\libc-musl.a(__printf_core.o)
 .debug_info    0x00000000000079ef      0x404 c:/program files/microchip/xc32/v4.60/bin/bin/../../lib/gcc/pic32c/8.3.1/../../../../pic32c/lib/thumb/v6-m/nofp\libc-musl.a(stdin.o)
 .debug_info    0x0000000000007df3      0x1e9 c:/program files/microchip/xc32/v4.60/bin/bin/../../lib/gcc/pic32c/8.3.1/../../../../pic32c/lib/thumb/v6-m/nofp\libc-musl.a(stdout.o)
 .debug_info    0x0000000000007fdc      0x129 c:/program files/microchip/xc32/v4.60/bin/bin/../../lib/gcc/pic32c/8.3.1/../../../../pic32c/lib/thumb/v6-m/nofp\libc-musl.a(printf.o)
 .debug_info    0x0000000000008105      0x3ac c:/program files/microchip/xc32/v4.60/bin/bin/../../lib/gcc/pic32c/8.3.1/../../../../pic32c/lib/thumb/v6-m/nofp\libc-musl.a(puts.o)
 .debug_info    0x00000000000084b1       0xe6 c:/program files/microchip/xc32/v4.60/bin/bin/../../lib/gcc/pic32c/8.3.1/../../../../pic32c/lib/thumb/v6-m/nofp\libc-musl.a(setbuf.o)
 .debug_info    0x0000000000008597       0x62 c:/program files/microchip/xc32/v4.60/bin/bin/../../lib/gcc/pic32c/8.3.1/../../../../pic32c/lib/thumb/v6-m/nofp\libc-musl.a(abs.o)
 .debug_info    0x00000000000085f9       0xf4 c:/program files/microchip/xc32/v4.60/bin/bin/../../lib/gcc/pic32c/8.3.1/../../../../pic32c/lib/thumb/v6-m/nofp\libc-musl.a(atoi.o)
 .debug_info    0x00000000000086ed      0x131 c:/program files/microchip/xc32/v4.60/bin/bin/../../lib/gcc/pic32c/8.3.1/../../../../pic32c/lib/thumb/v6-m/nofp\libc-musl.a(tolower.o)
 .debug_info    0x000000000000881e       0x97 c:/program files/microchip/xc32/v4.60/bin/bin/../../lib/gcc/pic32c/8.3.1/../../../../pic32c/lib/thumb/v6-m/nofp\libc-musl.a(__environ.o)
 .debug_info    0x00000000000088b5      0x3b6 c:/program files/microchip/xc32/v4.60/bin/bin/../../lib/gcc/pic32c/8.3.1/../../../../pic32c/lib/thumb/v6-m/nofp\libc-musl.a(fputs.o)
 .debug_info    0x0000000000008c6b      0x1cf c:/program files/microchip/xc32/v4.60/bin/bin/../../lib/gcc/pic32c/8.3.1/../../../../pic32c/lib/thumb/v6-m/nofp\libc-musl.a(__cvt_u.o)
 .debug_info    0x0000000000008e3a      0x162 c:/program files/microchip/xc32/v4.60/bin/bin/../../lib/gcc/pic32c/8.3.1/../../../../pic32c/lib/thumb/v6-m/nofp\libc-musl.a(__pop_float.o)
 .debug_info    0x0000000000008f9c      0x3ef c:/program files/microchip/xc32/v4.60/bin/bin/../../lib/gcc/pic32c/8.3.1/../../../../pic32c/lib/thumb/v6-m/nofp\libc-musl.a(__stdio_read.o)
 .debug_info    0x000000000000938b      0x331 c:/program files/microchip/xc32/v4.60/bin/bin/../../lib/gcc/pic32c/8.3.1/../../../../pic32c/lib/thumb/v6-m/nofp\libc-musl.a(__towrite_rw.o)
 .debug_info    0x00000000000096bc      0x257 c:/program files/microchip/xc32/v4.60/bin/bin/../../lib/gcc/pic32c/8.3.1/../../../../pic32c/lib/thumb/v6-m/nofp\libc-musl.a(fwrite.o)
 .debug_info    0x0000000000009913      0x224 c:/program files/microchip/xc32/v4.60/bin/bin/../../lib/gcc/pic32c/8.3.1/../../../../pic32c/lib/thumb/v6-m/nofp\libc-musl.a(putc.o)
 .debug_info    0x0000000000009b37      0x2bd c:/program files/microchip/xc32/v4.60/bin/bin/../../lib/gcc/pic32c/8.3.1/../../../../pic32c/lib/thumb/v6-m/nofp\libc-musl.a(setvbuf.o)
 .debug_info    0x0000000000009df4      0x40e c:/program files/microchip/xc32/v4.60/bin/bin/../../lib/gcc/pic32c/8.3.1/../../../../pic32c/lib/thumb/v6-m/nofp\libc-musl.a(vfprintf.o)
 .debug_info    0x000000000000a202      0x146 c:/program files/microchip/xc32/v4.60/bin/bin/../../lib/gcc/pic32c/8.3.1/../../../../pic32c/lib/thumb/v6-m/nofp\libc-musl.a(readv.o)
 .debug_info    0x000000000000a348       0xc3 c:/program files/microchip/xc32/v4.60/bin/bin/../../lib/gcc/pic32c/8.3.1/../../../../pic32c/lib/thumb/v6-m/nofp\libc-musl.a(__init_stdio.o)
 .debug_info    0x000000000000a40b      0x2ba c:/program files/microchip/xc32/v4.60/bin/bin/../../lib/gcc/pic32c/8.3.1/../../../../pic32c/lib/thumb/v6-m/nofp\libc-musl.a(__out.o)
 .debug_info    0x000000000000a6c5      0x28d c:/program files/microchip/xc32/v4.60/bin/bin/../../lib/gcc/pic32c/8.3.1/../../../../pic32c/lib/thumb/v6-m/nofp\libc-musl.a(__putc.o)
 .debug_info    0x000000000000a952      0x3a9 c:/program files/microchip/xc32/v4.60/bin/bin/../../lib/gcc/pic32c/8.3.1/../../../../pic32c/lib/thumb/v6-m/nofp\libc-musl.a(__stderr.o)
 .debug_info    0x000000000000acfb      0x3fd c:/program files/microchip/xc32/v4.60/bin/bin/../../lib/gcc/pic32c/8.3.1/../../../../pic32c/lib/thumb/v6-m/nofp\libc-musl.a(__stdio_close.o)
 .debug_info    0x000000000000b0f8      0x43e c:/program files/microchip/xc32/v4.60/bin/bin/../../lib/gcc/pic32c/8.3.1/../../../../pic32c/lib/thumb/v6-m/nofp\libc-musl.a(__stdio_write.o)
 .debug_info    0x000000000000b536      0x3a9 c:/program files/microchip/xc32/v4.60/bin/bin/../../lib/gcc/pic32c/8.3.1/../../../../pic32c/lib/thumb/v6-m/nofp\libc-musl.a(__stdout.o)
 .debug_info    0x000000000000b8df      0x275 c:/program files/microchip/xc32/v4.60/bin/bin/../../lib/gcc/pic32c/8.3.1/../../../../pic32c/lib/thumb/v6-m/nofp\libc-musl.a(__towrite.o)
 .debug_info    0x000000000000bb54      0x146 c:/program files/microchip/xc32/v4.60/bin/bin/../../lib/gcc/pic32c/8.3.1/../../../../pic32c/lib/thumb/v6-m/nofp\libc-musl.a(writev.o)
 .debug_info    0x000000000000bc9a      0x388 c:/program files/microchip/xc32/v4.60/bin/bin/../../lib/gcc/pic32c/8.3.1/../../../../pic32c/lib/thumb/v6-m/nofp\libc-musl.a(__overflow.o)
 .debug_info    0x000000000000c022      0x5fb c:/program files/microchip/xc32/v4.60/bin/bin/../../lib/gcc/pic32c/8.3.1/../../../../pic32c/lib/thumb/v6-m/nofp\libc-musl.a(__fmt_a.o)
 .debug_info    0x000000000000c61d      0x676 c:/program files/microchip/xc32/v4.60/bin/bin/../../lib/gcc/pic32c/8.3.1/../../../../pic32c/lib/thumb/v6-m/nofp\libc-musl.a(__fmt_fp.o)
 .debug_info    0x000000000000cc93      0x301 c:/program files/microchip/xc32/v4.60/bin/bin/../../lib/gcc/pic32c/8.3.1/../../../../pic32c/lib/thumb/v6-m/nofp\libc-musl.a(__fmt_o.o)
 .debug_info    0x000000000000cf94      0x335 c:/program files/microchip/xc32/v4.60/bin/bin/../../lib/gcc/pic32c/8.3.1/../../../../pic32c/lib/thumb/v6-m/nofp\libc-musl.a(__fmt_x.o)
 .debug_info    0x000000000000d2c9      0x2b7 c:/program files/microchip/xc32/v4.60/bin/bin/../../lib/gcc/pic32c/8.3.1/../../../../pic32c/lib/thumb/v6-m/nofp\libc-musl.a(__fwrite.o)
 .debug_info    0x000000000000d580      0x131 c:/program files/microchip/xc32/v4.60/bin/bin/../../lib/gcc/pic32c/8.3.1/../../../../pic32c/lib/thumb/v6-m/nofp\libc-musl.a(toupper.o)
 .debug_info    0x000000000000d6b1       0x26 c:/program files/microchip/xc32/v4.60/bin/bin/../../lib/gcc/pic32c/8.3.1/thumb/v6-m/nofp\libgcc.a(_thumb1_case_uhi.o)
 .debug_info    0x000000000000d6d7       0x26 c:/program files/microchip/xc32/v4.60/bin/bin/../../lib/gcc/pic32c/8.3.1/thumb/v6-m/nofp\libgcc.a(_udivsi3.o)
 .debug_info    0x000000000000d6fd       0x26 c:/program files/microchip/xc32/v4.60/bin/bin/../../lib/gcc/pic32c/8.3.1/thumb/v6-m/nofp\libgcc.a(_divsi3.o)
 .debug_info    0x000000000000d723       0x26 c:/program files/microchip/xc32/v4.60/bin/bin/../../lib/gcc/pic32c/8.3.1/thumb/v6-m/nofp\libgcc.a(_dvmd_tls.o)
 .debug_info    0x000000000000d749       0x26 c:/program files/microchip/xc32/v4.60/bin/bin/../../lib/gcc/pic32c/8.3.1/thumb/v6-m/nofp\libgcc.a(_aeabi_ldivmod.o)
 .debug_info    0x000000000000d76f       0x26 c:/program files/microchip/xc32/v4.60/bin/bin/../../lib/gcc/pic32c/8.3.1/thumb/v6-m/nofp\libgcc.a(_aeabi_uldivmod.o)
 .debug_info    0x000000000000d795      0x243 c:/program files/microchip/xc32/v4.60/bin/bin/../../lib/gcc/pic32c/8.3.1/thumb/v6-m/nofp\libgcc.a(_muldi3.o)
 .debug_info    0x000000000000d9d8      0x193 c:/program files/microchip/xc32/v4.60/bin/bin/../../lib/gcc/pic32c/8.3.1/thumb/v6-m/nofp\libgcc.a(_udivmoddi4.o)
 .debug_info    0x000000000000db6b       0xd5 c:/program files/microchip/xc32/v4.60/bin/bin/../../lib/gcc/pic32c/8.3.1/thumb/v6-m/nofp\libgcc.a(bpabi.o)
 .debug_info    0x000000000000dc40       0x26 c:/program files/microchip/xc32/v4.60/bin/bin/../../lib/gcc/pic32c/8.3.1/thumb/v6-m/nofp\libgcc.a(_lshrdi3.o)
 .debug_info    0x000000000000dc66       0x26 c:/program files/microchip/xc32/v4.60/bin/bin/../../lib/gcc/pic32c/8.3.1/thumb/v6-m/nofp\libgcc.a(_ashldi3.o)
 .debug_info    0x000000000000dc8c       0x26 c:/program files/microchip/xc32/v4.60/bin/bin/../../lib/gcc/pic32c/8.3.1/thumb/v6-m/nofp\libgcc.a(_clzdi2.o)
 .debug_info    0x000000000000dcb2      0x2e1 c:/program files/microchip/xc32/v4.60/bin/bin/../../lib/gcc/pic32c/8.3.1/thumb/v6-m/nofp\libgcc.a(_divdi3.o)
 .debug_info    0x000000000000df93       0x26 c:/program files/microchip/xc32/v4.60/bin/bin/../../lib/gcc/pic32c/8.3.1/thumb/v6-m/nofp\libgcc.a(_clzsi2.o)
 .debug_info    0x000000000000dfb9       0x3f c:/program files/microchip/xc32/v4.60/bin/bin/../../lib/gcc/pic32c/8.3.1/../../../../pic32c/lib/thumb/v6-m/nofp\libpic32c.a(close.o)
 .debug_info    0x000000000000dff8       0x3f c:/program files/microchip/xc32/v4.60/bin/bin/../../lib/gcc/pic32c/8.3.1/../../../../pic32c/lib/thumb/v6-m/nofp\libpic32c.a(lseek.o)
 .debug_info    0x000000000000e037       0xbb c:/program files/microchip/xc32/v4.60/bin/bin/../../lib/gcc/pic32c/8.3.1/../../../../pic32c/lib/thumb/v6-m/nofp\libc-size-musl.a(memset.o)
 .debug_info    0x000000000000e0f2       0xa4 c:/program files/microchip/xc32/v4.60/bin/bin/../../lib/gcc/pic32c/8.3.1/../../../../pic32c/lib/thumb/v6-m/nofp\libc-size-musl.a(strlen.o)
 .debug_info    0x000000000000e196       0xbd c:/program files/microchip/xc32/v4.60/bin/bin/../../lib/gcc/pic32c/8.3.1/../../../../pic32c/lib/thumb/v6-m/nofp\libc-size-musl.a(strcpy.o)
 .debug_info    0x000000000000e253       0xac c:/program files/microchip/xc32/v4.60/bin/bin/../../lib/gcc/pic32c/8.3.1/../../../../pic32c/lib/thumb/v6-m/nofp\libc-size-musl.a(stpcpy.o)
 .debug_info    0x000000000000e2ff      0x1bd c:/program files/microchip/xc32/v4.60/bin/bin/../../lib/gcc/pic32c/8.3.1/../../../../pic32c/lib/thumb/v6-m/nofp\liblmalloc-musl.a(lite_malloc.o)
 .debug_info    0x000000000000e4bc      0x272 c:/program files/microchip/xc32/v4.60/bin/bin/../../lib/gcc/pic32c/8.3.1/../../../../pic32c/lib/thumb/v6-m/nofp\liblmalloc-musl.a(lite_free.o)
 .debug_info    0x000000000000e72e      0x10e c:/program files/microchip/xc32/v4.60/bin/bin/../../lib/gcc/pic32c/8.3.1/../../../../pic32c/lib/thumb/v6-m/nofp\libc-musl.a(expand_heap.o)
 .debug_info    0x000000000000e83c       0x6a c:/program files/microchip/xc32/v4.60/bin/bin/../../lib/gcc/pic32c/8.3.1/../../../../pic32c/lib/thumb/v6-m/nofp\libpic32c.a(sbrk.o)
 .debug_info    0x000000000000e8a6       0x3f c:/program files/microchip/xc32/v4.60/bin/bin/../../lib/gcc/pic32c/8.3.1/../../../../pic32c/lib/thumb/v6-m/nofp\libpic32c.a(pic32_data_init_clear.o)
 .debug_info    0x000000000000e8e5       0x40 c:/program files/microchip/xc32/v4.60/bin/bin/../../lib/gcc/pic32c/8.3.1/../../../../pic32c/lib/thumb/v6-m/nofp\libpic32c.a(pic32_data_init_copy.o)

.debug_abbrev   0x0000000000000000     0x5662
 .debug_abbrev  0x0000000000000000      0x138 build/default/production/_ext/1984496892/plib_clock.o
 .debug_abbrev  0x0000000000000138      0x101 build/default/production/_ext/1986646378/plib_evsys.o
 .debug_abbrev  0x0000000000000239      0x1ec build/default/production/_ext/1865468468/plib_nvic.o
 .debug_abbrev  0x0000000000000425      0x1a6 build/default/production/_ext/1593096446/plib_nvmctrl.o
 .debug_abbrev  0x00000000000005cb      0x1cd build/default/production/_ext/1865521619/plib_port.o
 .debug_abbrev  0x0000000000000798      0x1ef build/default/production/_ext/60180175/plib_rtc_timer.o
 .debug_abbrev  0x0000000000000987      0x318 build/default/production/_ext/504274921/plib_sercom3_usart.o
 .debug_abbrev  0x0000000000000c9f       0xd8 build/default/production/_ext/163028504/xc32_monitor.o
 .debug_abbrev  0x0000000000000d77      0x308 build/default/production/_ext/162237794/touch.o
 .debug_abbrev  0x000000000000107f      0x159 build/default/production/_ext/1171490990/initialization.o
 .debug_abbrev  0x00000000000011d8       0xc0 build/default/production/_ext/1171490990/interrupts.o
 .debug_abbrev  0x0000000000001298       0x49 build/default/production/_ext/1171490990/exceptions.o
 .debug_abbrev  0x00000000000012e1      0x118 build/default/production/_ext/1171490990/startup_xc32.o
 .debug_abbrev  0x00000000000013f9       0xe7 build/default/production/_ext/1360937237/sml_recognition_run.o
 .debug_abbrev  0x00000000000014e0      0x181 build/default/production/_ext/1360937237/main.o
 .debug_abbrev  0x0000000000001661       0x44 c:/program files/microchip/xc32/v4.60/bin/bin/../../lib/gcc/pic32c/8.3.1/../../../../pic32c/lib/thumb/v6-m/nofp\libpic32c.a(data_init.o)
 .debug_abbrev  0x00000000000016a5       0xbb c:/program files/microchip/xc32/v4.60/bin/bin/../../lib/gcc/pic32c/8.3.1/../../../../pic32c/lib/thumb/v6-m/nofp\libc-size-musl.a(memcpy.o)
 .debug_abbrev  0x0000000000001760      0x133 c:/program files/microchip/xc32/v4.60/bin/bin/../../lib/gcc/pic32c/8.3.1/../../../../pic32c/lib/thumb/v6-m/nofp\libc-musl.a(__libc_start_main.o)
 .debug_abbrev  0x0000000000001893       0x39 c:/program files/microchip/xc32/v4.60/bin/bin/../../lib/gcc/pic32c/8.3.1/../../../../pic32c/lib/thumb/v6-m/nofp\libc-musl.a(__errno_location.o)
 .debug_abbrev  0x00000000000018cc       0xd4 c:/program files/microchip/xc32/v4.60/bin/bin/../../lib/gcc/pic32c/8.3.1/../../../../pic32c/lib/thumb/v6-m/nofp\libc-musl.a(libc.o)
 .debug_abbrev  0x00000000000019a0      0x161 c:/program files/microchip/xc32/v4.60/bin/bin/../../lib/gcc/pic32c/8.3.1/../../../../pic32c/lib/thumb/v6-m/nofp\libc-musl.a(__fmt_d.o)
 .debug_abbrev  0x0000000000001b01      0x15e c:/program files/microchip/xc32/v4.60/bin/bin/../../lib/gcc/pic32c/8.3.1/../../../../pic32c/lib/thumb/v6-m/nofp\libc-musl.a(__fmt_s.o)
 .debug_abbrev  0x0000000000001c5f      0x161 c:/program files/microchip/xc32/v4.60/bin/bin/../../lib/gcc/pic32c/8.3.1/../../../../pic32c/lib/thumb/v6-m/nofp\libc-musl.a(__fmt_u.o)
 .debug_abbrev  0x0000000000001dc0       0xdc c:/program files/microchip/xc32/v4.60/bin/bin/../../lib/gcc/pic32c/8.3.1/../../../../pic32c/lib/thumb/v6-m/nofp\libc-musl.a(__pop_int.o)
 .debug_abbrev  0x0000000000001e9c       0xdc c:/program files/microchip/xc32/v4.60/bin/bin/../../lib/gcc/pic32c/8.3.1/../../../../pic32c/lib/thumb/v6-m/nofp\libc-musl.a(__pop_ptr.o)
 .debug_abbrev  0x0000000000001f78      0x317 c:/program files/microchip/xc32/v4.60/bin/bin/../../lib/gcc/pic32c/8.3.1/../../../../pic32c/lib/thumb/v6-m/nofp\libc-musl.a(__printf_core.o)
 .debug_abbrev  0x000000000000228f      0x1b3 c:/program files/microchip/xc32/v4.60/bin/bin/../../lib/gcc/pic32c/8.3.1/../../../../pic32c/lib/thumb/v6-m/nofp\libc-musl.a(stdin.o)
 .debug_abbrev  0x0000000000002442      0x145 c:/program files/microchip/xc32/v4.60/bin/bin/../../lib/gcc/pic32c/8.3.1/../../../../pic32c/lib/thumb/v6-m/nofp\libc-musl.a(stdout.o)
 .debug_abbrev  0x0000000000002587      0x11d c:/program files/microchip/xc32/v4.60/bin/bin/../../lib/gcc/pic32c/8.3.1/../../../../pic32c/lib/thumb/v6-m/nofp\libc-musl.a(printf.o)
 .debug_abbrev  0x00000000000026a4      0x159 c:/program files/microchip/xc32/v4.60/bin/bin/../../lib/gcc/pic32c/8.3.1/../../../../pic32c/lib/thumb/v6-m/nofp\libc-musl.a(puts.o)
 .debug_abbrev  0x00000000000027fd       0xa8 c:/program files/microchip/xc32/v4.60/bin/bin/../../lib/gcc/pic32c/8.3.1/../../../../pic32c/lib/thumb/v6-m/nofp\libc-musl.a(setbuf.o)
 .debug_abbrev  0x00000000000028a5       0x53 c:/program files/microchip/xc32/v4.60/bin/bin/../../lib/gcc/pic32c/8.3.1/../../../../pic32c/lib/thumb/v6-m/nofp\libc-musl.a(abs.o)
 .debug_abbrev  0x00000000000028f8       0xc6 c:/program files/microchip/xc32/v4.60/bin/bin/../../lib/gcc/pic32c/8.3.1/../../../../pic32c/lib/thumb/v6-m/nofp\libc-musl.a(atoi.o)
 .debug_abbrev  0x00000000000029be       0xf4 c:/program files/microchip/xc32/v4.60/bin/bin/../../lib/gcc/pic32c/8.3.1/../../../../pic32c/lib/thumb/v6-m/nofp\libc-musl.a(tolower.o)
 .debug_abbrev  0x0000000000002ab2       0x62 c:/program files/microchip/xc32/v4.60/bin/bin/../../lib/gcc/pic32c/8.3.1/../../../../pic32c/lib/thumb/v6-m/nofp\libc-musl.a(__environ.o)
 .debug_abbrev  0x0000000000002b14      0x146 c:/program files/microchip/xc32/v4.60/bin/bin/../../lib/gcc/pic32c/8.3.1/../../../../pic32c/lib/thumb/v6-m/nofp\libc-musl.a(fputs.o)
 .debug_abbrev  0x0000000000002c5a       0xf3 c:/program files/microchip/xc32/v4.60/bin/bin/../../lib/gcc/pic32c/8.3.1/../../../../pic32c/lib/thumb/v6-m/nofp\libc-musl.a(__cvt_u.o)
 .debug_abbrev  0x0000000000002d4d       0xdc c:/program files/microchip/xc32/v4.60/bin/bin/../../lib/gcc/pic32c/8.3.1/../../../../pic32c/lib/thumb/v6-m/nofp\libc-musl.a(__pop_float.o)
 .debug_abbrev  0x0000000000002e29      0x16c c:/program files/microchip/xc32/v4.60/bin/bin/../../lib/gcc/pic32c/8.3.1/../../../../pic32c/lib/thumb/v6-m/nofp\libc-musl.a(__stdio_read.o)
 .debug_abbrev  0x0000000000002f95       0xf8 c:/program files/microchip/xc32/v4.60/bin/bin/../../lib/gcc/pic32c/8.3.1/../../../../pic32c/lib/thumb/v6-m/nofp\libc-musl.a(__towrite_rw.o)
 .debug_abbrev  0x000000000000308d      0x13c c:/program files/microchip/xc32/v4.60/bin/bin/../../lib/gcc/pic32c/8.3.1/../../../../pic32c/lib/thumb/v6-m/nofp\libc-musl.a(fwrite.o)
 .debug_abbrev  0x00000000000031c9      0x122 c:/program files/microchip/xc32/v4.60/bin/bin/../../lib/gcc/pic32c/8.3.1/../../../../pic32c/lib/thumb/v6-m/nofp\libc-musl.a(putc.o)
 .debug_abbrev  0x00000000000032eb      0x135 c:/program files/microchip/xc32/v4.60/bin/bin/../../lib/gcc/pic32c/8.3.1/../../../../pic32c/lib/thumb/v6-m/nofp\libc-musl.a(setvbuf.o)
 .debug_abbrev  0x0000000000003420      0x18b c:/program files/microchip/xc32/v4.60/bin/bin/../../lib/gcc/pic32c/8.3.1/../../../../pic32c/lib/thumb/v6-m/nofp\libc-musl.a(vfprintf.o)
 .debug_abbrev  0x00000000000035ab       0xf7 c:/program files/microchip/xc32/v4.60/bin/bin/../../lib/gcc/pic32c/8.3.1/../../../../pic32c/lib/thumb/v6-m/nofp\libc-musl.a(readv.o)
 .debug_abbrev  0x00000000000036a2       0x65 c:/program files/microchip/xc32/v4.60/bin/bin/../../lib/gcc/pic32c/8.3.1/../../../../pic32c/lib/thumb/v6-m/nofp\libc-musl.a(__init_stdio.o)
 .debug_abbrev  0x0000000000003707      0x177 c:/program files/microchip/xc32/v4.60/bin/bin/../../lib/gcc/pic32c/8.3.1/../../../../pic32c/lib/thumb/v6-m/nofp\libc-musl.a(__out.o)
 .debug_abbrev  0x000000000000387e      0x109 c:/program files/microchip/xc32/v4.60/bin/bin/../../lib/gcc/pic32c/8.3.1/../../../../pic32c/lib/thumb/v6-m/nofp\libc-musl.a(__putc.o)
 .debug_abbrev  0x0000000000003987      0x17e c:/program files/microchip/xc32/v4.60/bin/bin/../../lib/gcc/pic32c/8.3.1/../../../../pic32c/lib/thumb/v6-m/nofp\libc-musl.a(__stderr.o)
 .debug_abbrev  0x0000000000003b05      0x14f c:/program files/microchip/xc32/v4.60/bin/bin/../../lib/gcc/pic32c/8.3.1/../../../../pic32c/lib/thumb/v6-m/nofp\libc-musl.a(__stdio_close.o)
 .debug_abbrev  0x0000000000003c54      0x1bd c:/program files/microchip/xc32/v4.60/bin/bin/../../lib/gcc/pic32c/8.3.1/../../../../pic32c/lib/thumb/v6-m/nofp\libc-musl.a(__stdio_write.o)
 .debug_abbrev  0x0000000000003e11      0x17e c:/program files/microchip/xc32/v4.60/bin/bin/../../lib/gcc/pic32c/8.3.1/../../../../pic32c/lib/thumb/v6-m/nofp\libc-musl.a(__stdout.o)
 .debug_abbrev  0x0000000000003f8f      0x114 c:/program files/microchip/xc32/v4.60/bin/bin/../../lib/gcc/pic32c/8.3.1/../../../../pic32c/lib/thumb/v6-m/nofp\libc-musl.a(__towrite.o)
 .debug_abbrev  0x00000000000040a3       0xf7 c:/program files/microchip/xc32/v4.60/bin/bin/../../lib/gcc/pic32c/8.3.1/../../../../pic32c/lib/thumb/v6-m/nofp\libc-musl.a(writev.o)
 .debug_abbrev  0x000000000000419a      0x141 c:/program files/microchip/xc32/v4.60/bin/bin/../../lib/gcc/pic32c/8.3.1/../../../../pic32c/lib/thumb/v6-m/nofp\libc-musl.a(__overflow.o)
 .debug_abbrev  0x00000000000042db      0x1d5 c:/program files/microchip/xc32/v4.60/bin/bin/../../lib/gcc/pic32c/8.3.1/../../../../pic32c/lib/thumb/v6-m/nofp\libc-musl.a(__fmt_a.o)
 .debug_abbrev  0x00000000000044b0      0x1e3 c:/program files/microchip/xc32/v4.60/bin/bin/../../lib/gcc/pic32c/8.3.1/../../../../pic32c/lib/thumb/v6-m/nofp\libc-musl.a(__fmt_fp.o)
 .debug_abbrev  0x0000000000004693      0x161 c:/program files/microchip/xc32/v4.60/bin/bin/../../lib/gcc/pic32c/8.3.1/../../../../pic32c/lib/thumb/v6-m/nofp\libc-musl.a(__fmt_o.o)
 .debug_abbrev  0x00000000000047f4      0x150 c:/program files/microchip/xc32/v4.60/bin/bin/../../lib/gcc/pic32c/8.3.1/../../../../pic32c/lib/thumb/v6-m/nofp\libc-musl.a(__fmt_x.o)
 .debug_abbrev  0x0000000000004944      0x121 c:/program files/microchip/xc32/v4.60/bin/bin/../../lib/gcc/pic32c/8.3.1/../../../../pic32c/lib/thumb/v6-m/nofp\libc-musl.a(__fwrite.o)
 .debug_abbrev  0x0000000000004a65       0xf4 c:/program files/microchip/xc32/v4.60/bin/bin/../../lib/gcc/pic32c/8.3.1/../../../../pic32c/lib/thumb/v6-m/nofp\libc-musl.a(toupper.o)
 .debug_abbrev  0x0000000000004b59       0x14 c:/program files/microchip/xc32/v4.60/bin/bin/../../lib/gcc/pic32c/8.3.1/thumb/v6-m/nofp\libgcc.a(_thumb1_case_uhi.o)
 .debug_abbrev  0x0000000000004b6d       0x14 c:/program files/microchip/xc32/v4.60/bin/bin/../../lib/gcc/pic32c/8.3.1/thumb/v6-m/nofp\libgcc.a(_udivsi3.o)
 .debug_abbrev  0x0000000000004b81       0x14 c:/program files/microchip/xc32/v4.60/bin/bin/../../lib/gcc/pic32c/8.3.1/thumb/v6-m/nofp\libgcc.a(_divsi3.o)
 .debug_abbrev  0x0000000000004b95       0x14 c:/program files/microchip/xc32/v4.60/bin/bin/../../lib/gcc/pic32c/8.3.1/thumb/v6-m/nofp\libgcc.a(_dvmd_tls.o)
 .debug_abbrev  0x0000000000004ba9       0x14 c:/program files/microchip/xc32/v4.60/bin/bin/../../lib/gcc/pic32c/8.3.1/thumb/v6-m/nofp\libgcc.a(_aeabi_ldivmod.o)
 .debug_abbrev  0x0000000000004bbd       0x14 c:/program files/microchip/xc32/v4.60/bin/bin/../../lib/gcc/pic32c/8.3.1/thumb/v6-m/nofp\libgcc.a(_aeabi_uldivmod.o)
 .debug_abbrev  0x0000000000004bd1      0x10b c:/program files/microchip/xc32/v4.60/bin/bin/../../lib/gcc/pic32c/8.3.1/thumb/v6-m/nofp\libgcc.a(_muldi3.o)
 .debug_abbrev  0x0000000000004cdc       0x99 c:/program files/microchip/xc32/v4.60/bin/bin/../../lib/gcc/pic32c/8.3.1/thumb/v6-m/nofp\libgcc.a(_udivmoddi4.o)
 .debug_abbrev  0x0000000000004d75       0xaa c:/program files/microchip/xc32/v4.60/bin/bin/../../lib/gcc/pic32c/8.3.1/thumb/v6-m/nofp\libgcc.a(bpabi.o)
 .debug_abbrev  0x0000000000004e1f       0x14 c:/program files/microchip/xc32/v4.60/bin/bin/../../lib/gcc/pic32c/8.3.1/thumb/v6-m/nofp\libgcc.a(_lshrdi3.o)
 .debug_abbrev  0x0000000000004e33       0x14 c:/program files/microchip/xc32/v4.60/bin/bin/../../lib/gcc/pic32c/8.3.1/thumb/v6-m/nofp\libgcc.a(_ashldi3.o)
 .debug_abbrev  0x0000000000004e47       0x14 c:/program files/microchip/xc32/v4.60/bin/bin/../../lib/gcc/pic32c/8.3.1/thumb/v6-m/nofp\libgcc.a(_clzdi2.o)
 .debug_abbrev  0x0000000000004e5b      0x14e c:/program files/microchip/xc32/v4.60/bin/bin/../../lib/gcc/pic32c/8.3.1/thumb/v6-m/nofp\libgcc.a(_divdi3.o)
 .debug_abbrev  0x0000000000004fa9       0x14 c:/program files/microchip/xc32/v4.60/bin/bin/../../lib/gcc/pic32c/8.3.1/thumb/v6-m/nofp\libgcc.a(_clzsi2.o)
 .debug_abbrev  0x0000000000004fbd       0x2e c:/program files/microchip/xc32/v4.60/bin/bin/../../lib/gcc/pic32c/8.3.1/../../../../pic32c/lib/thumb/v6-m/nofp\libpic32c.a(close.o)
 .debug_abbrev  0x0000000000004feb       0x2e c:/program files/microchip/xc32/v4.60/bin/bin/../../lib/gcc/pic32c/8.3.1/../../../../pic32c/lib/thumb/v6-m/nofp\libpic32c.a(lseek.o)
 .debug_abbrev  0x0000000000005019       0xa2 c:/program files/microchip/xc32/v4.60/bin/bin/../../lib/gcc/pic32c/8.3.1/../../../../pic32c/lib/thumb/v6-m/nofp\libc-size-musl.a(memset.o)
 .debug_abbrev  0x00000000000050bb       0x91 c:/program files/microchip/xc32/v4.60/bin/bin/../../lib/gcc/pic32c/8.3.1/../../../../pic32c/lib/thumb/v6-m/nofp\libc-size-musl.a(strlen.o)
 .debug_abbrev  0x000000000000514c       0xa2 c:/program files/microchip/xc32/v4.60/bin/bin/../../lib/gcc/pic32c/8.3.1/../../../../pic32c/lib/thumb/v6-m/nofp\libc-size-musl.a(strcpy.o)
 .debug_abbrev  0x00000000000051ee       0x6e c:/program files/microchip/xc32/v4.60/bin/bin/../../lib/gcc/pic32c/8.3.1/../../../../pic32c/lib/thumb/v6-m/nofp\libc-size-musl.a(stpcpy.o)
 .debug_abbrev  0x000000000000525c      0x117 c:/program files/microchip/xc32/v4.60/bin/bin/../../lib/gcc/pic32c/8.3.1/../../../../pic32c/lib/thumb/v6-m/nofp\liblmalloc-musl.a(lite_malloc.o)
 .debug_abbrev  0x0000000000005373      0x18b c:/program files/microchip/xc32/v4.60/bin/bin/../../lib/gcc/pic32c/8.3.1/../../../../pic32c/lib/thumb/v6-m/nofp\liblmalloc-musl.a(lite_free.o)
 .debug_abbrev  0x00000000000054fe       0xc4 c:/program files/microchip/xc32/v4.60/bin/bin/../../lib/gcc/pic32c/8.3.1/../../../../pic32c/lib/thumb/v6-m/nofp\libc-musl.a(expand_heap.o)
 .debug_abbrev  0x00000000000055c2       0x44 c:/program files/microchip/xc32/v4.60/bin/bin/../../lib/gcc/pic32c/8.3.1/../../../../pic32c/lib/thumb/v6-m/nofp\libpic32c.a(sbrk.o)
 .debug_abbrev  0x0000000000005606       0x2e c:/program files/microchip/xc32/v4.60/bin/bin/../../lib/gcc/pic32c/8.3.1/../../../../pic32c/lib/thumb/v6-m/nofp\libpic32c.a(pic32_data_init_clear.o)
 .debug_abbrev  0x0000000000005634       0x2e c:/program files/microchip/xc32/v4.60/bin/bin/../../lib/gcc/pic32c/8.3.1/../../../../pic32c/lib/thumb/v6-m/nofp\libpic32c.a(pic32_data_init_copy.o)

.debug_loc      0x0000000000000000     0x7a64
 .debug_loc     0x0000000000000000       0x31 build/default/production/_ext/1984496892/plib_clock.o
 .debug_loc     0x0000000000000031       0x79 build/default/production/_ext/1986646378/plib_evsys.o
 .debug_loc     0x00000000000000aa       0xde build/default/production/_ext/1865468468/plib_nvic.o
 .debug_loc     0x0000000000000188      0x42e build/default/production/_ext/1593096446/plib_nvmctrl.o
 .debug_loc     0x00000000000005b6      0x226 build/default/production/_ext/1865521619/plib_port.o
 .debug_loc     0x00000000000007dc       0x4a build/default/production/_ext/60180175/plib_rtc_timer.o
 .debug_loc     0x0000000000000826      0x7a3 build/default/production/_ext/504274921/plib_sercom3_usart.o
 .debug_loc     0x0000000000000fc9      0x1a2 build/default/production/_ext/163028504/xc32_monitor.o
 .debug_loc     0x000000000000116b      0x34a build/default/production/_ext/162237794/touch.o
 .debug_loc     0x00000000000014b5       0x45 build/default/production/_ext/1171490990/initialization.o
 .debug_loc     0x00000000000014fa       0x20 build/default/production/_ext/1171490990/startup_xc32.o
 .debug_loc     0x000000000000151a      0x131 build/default/production/_ext/1360937237/sml_recognition_run.o
 .debug_loc     0x000000000000164b      0x729 build/default/production/_ext/1360937237/main.o
 .debug_loc     0x0000000000001d74       0x14 c:/program files/microchip/xc32/v4.60/bin/bin/../../lib/gcc/pic32c/8.3.1/../../../../pic32c/lib/thumb/v6-m/nofp\libpic32c.a(data_init.o)
 .debug_loc     0x0000000000001d88      0x12d c:/program files/microchip/xc32/v4.60/bin/bin/../../lib/gcc/pic32c/8.3.1/../../../../pic32c/lib/thumb/v6-m/nofp\libc-size-musl.a(memcpy.o)
 .debug_loc     0x0000000000001eb5       0x5e c:/program files/microchip/xc32/v4.60/bin/bin/../../lib/gcc/pic32c/8.3.1/../../../../pic32c/lib/thumb/v6-m/nofp\libc-musl.a(__libc_start_main.o)
 .debug_loc     0x0000000000001f13      0x2a6 c:/program files/microchip/xc32/v4.60/bin/bin/../../lib/gcc/pic32c/8.3.1/../../../../pic32c/lib/thumb/v6-m/nofp\libc-musl.a(__fmt_d.o)
 .debug_loc     0x00000000000021b9      0x144 c:/program files/microchip/xc32/v4.60/bin/bin/../../lib/gcc/pic32c/8.3.1/../../../../pic32c/lib/thumb/v6-m/nofp\libc-musl.a(__fmt_s.o)
 .debug_loc     0x00000000000022fd      0x12d c:/program files/microchip/xc32/v4.60/bin/bin/../../lib/gcc/pic32c/8.3.1/../../../../pic32c/lib/thumb/v6-m/nofp\libc-musl.a(__fmt_u.o)
 .debug_loc     0x000000000000242a      0x34c c:/program files/microchip/xc32/v4.60/bin/bin/../../lib/gcc/pic32c/8.3.1/../../../../pic32c/lib/thumb/v6-m/nofp\libc-musl.a(__pop_int.o)
 .debug_loc     0x0000000000002776      0x1fe c:/program files/microchip/xc32/v4.60/bin/bin/../../lib/gcc/pic32c/8.3.1/../../../../pic32c/lib/thumb/v6-m/nofp\libc-musl.a(__pop_ptr.o)
 .debug_loc     0x0000000000002974      0x6d9 c:/program files/microchip/xc32/v4.60/bin/bin/../../lib/gcc/pic32c/8.3.1/../../../../pic32c/lib/thumb/v6-m/nofp\libc-musl.a(__printf_core.o)
 .debug_loc     0x000000000000304d       0x45 c:/program files/microchip/xc32/v4.60/bin/bin/../../lib/gcc/pic32c/8.3.1/../../../../pic32c/lib/thumb/v6-m/nofp\libc-musl.a(stdin.o)
 .debug_loc     0x0000000000003092       0x40 c:/program files/microchip/xc32/v4.60/bin/bin/../../lib/gcc/pic32c/8.3.1/../../../../pic32c/lib/thumb/v6-m/nofp\libc-musl.a(stdout.o)
 .debug_loc     0x00000000000030d2       0x41 c:/program files/microchip/xc32/v4.60/bin/bin/../../lib/gcc/pic32c/8.3.1/../../../../pic32c/lib/thumb/v6-m/nofp\libc-musl.a(printf.o)
 .debug_loc     0x0000000000003113       0x6a c:/program files/microchip/xc32/v4.60/bin/bin/../../lib/gcc/pic32c/8.3.1/../../../../pic32c/lib/thumb/v6-m/nofp\libc-musl.a(puts.o)
 .debug_loc     0x000000000000317d       0x6a c:/program files/microchip/xc32/v4.60/bin/bin/../../lib/gcc/pic32c/8.3.1/../../../../pic32c/lib/thumb/v6-m/nofp\libc-musl.a(setbuf.o)
 .debug_loc     0x00000000000031e7       0x25 c:/program files/microchip/xc32/v4.60/bin/bin/../../lib/gcc/pic32c/8.3.1/../../../../pic32c/lib/thumb/v6-m/nofp\libc-musl.a(abs.o)
 .debug_loc     0x000000000000320c       0xdc c:/program files/microchip/xc32/v4.60/bin/bin/../../lib/gcc/pic32c/8.3.1/../../../../pic32c/lib/thumb/v6-m/nofp\libc-musl.a(atoi.o)
 .debug_loc     0x00000000000032e8       0x8f c:/program files/microchip/xc32/v4.60/bin/bin/../../lib/gcc/pic32c/8.3.1/../../../../pic32c/lib/thumb/v6-m/nofp\libc-musl.a(tolower.o)
 .debug_loc     0x0000000000003377       0xb3 c:/program files/microchip/xc32/v4.60/bin/bin/../../lib/gcc/pic32c/8.3.1/../../../../pic32c/lib/thumb/v6-m/nofp\libc-musl.a(fputs.o)
 .debug_loc     0x000000000000342a      0x1d3 c:/program files/microchip/xc32/v4.60/bin/bin/../../lib/gcc/pic32c/8.3.1/../../../../pic32c/lib/thumb/v6-m/nofp\libc-musl.a(__cvt_u.o)
 .debug_loc     0x00000000000035fd       0x6f c:/program files/microchip/xc32/v4.60/bin/bin/../../lib/gcc/pic32c/8.3.1/../../../../pic32c/lib/thumb/v6-m/nofp\libc-musl.a(__pop_float.o)
 .debug_loc     0x000000000000366c      0x107 c:/program files/microchip/xc32/v4.60/bin/bin/../../lib/gcc/pic32c/8.3.1/../../../../pic32c/lib/thumb/v6-m/nofp\libc-musl.a(__stdio_read.o)
 .debug_loc     0x0000000000003773       0x42 c:/program files/microchip/xc32/v4.60/bin/bin/../../lib/gcc/pic32c/8.3.1/../../../../pic32c/lib/thumb/v6-m/nofp\libc-musl.a(__towrite_rw.o)